******************************************************************************
                  TI ARM Linker PC v18.12.3                    
******************************************************************************
>> Linked Fri Nov 15 12:45:50 2019

OUTPUT FILE NAME:   <randommouse.out>
ENTRY POINT SYMBOL: "_c_int00_noargs"  address: 00001695


MEMORY CONFIGURATION

         name            origin    length      used     unused   attr    fill
----------------------  --------  ---------  --------  --------  ----  --------
  MAIN                  00000000   00040000  00001a04  0003e5fc  R  X
  INFO                  00200000   00004000  00000000  00004000  R  X
  SRAM_CODE             01000000   00010000  00000277  0000fd89  RW X
  SRAM_DATA             20000000   00010000  00000277  0000fd89  RW  


SEGMENT ALLOCATION MAP

run origin  load origin   length   init length attrs members
----------  ----------- ---------- ----------- ----- -------
00000000    00000000    00001a08   00001a08    r-x
  00000000    00000000    000000e4   000000e4    r-- .intvecs
  000000e4    000000e4    00001884   00001884    r-x .text
  00001968    00001968    00000044   00000044    r-- .const
  000019b0    000019b0    00000058   00000058    r-- .cinit
20000000    20000000    00000077   00000000    rw-
  20000000    20000000    00000068   00000000    rw- .data
  20000068    20000068    0000000f   00000000    rw- .bss
2000fe00    2000fe00    00000200   00000000    rw-
  2000fe00    2000fe00    00000200   00000000    rw- .stack


SECTION ALLOCATION MAP

 output                                  attributes/
section   page    origin      length       input sections
--------  ----  ----------  ----------   ----------------
.intvecs   0    00000000    000000e4     
                  00000000    000000e4     startup_msp432p401r_ccs.obj (.intvecs:retain)

.text      0    000000e4    00001884     
                  000000e4    000008b0     main.obj (.text:main)
                  00000994    0000017c     Clock.obj (.text:Clock_Init48MHz)
                  00000b10    000000d8     HAL_OPT3001.obj (.text:OPT3001_getLux)
                  00000be8    000000bc     main.obj (.text:Initialize_System)
                  00000ca4    000000b4     Encoder.obj (.text:encoder_init)
                  00000d58    000000b0     Bump.obj (.text:Bump_Read)
                  00000e08    000000b0     Motor.obj (.text:motor_init)
                  00000eb8    0000009c     rtsv7M4_T_le_v4SPD16_eabi.lib : memcpy_t2.asm.obj (.text)
                  00000f54    00000098     Encoder.obj (.text:PORT5_IRQHandler)
                  00000fec    0000008c     HAL_I2C.obj (.text:I2C_read16)
                  00001078    0000008c     Button.obj (.text:button_init)
                  00001104    00000088     msp432p4xx_driverlib.lib : gpio.o (.text:GPIO_setAsPeripheralModuleFunctionOutputPin)
                  0000118c    00000078     system_msp432p401r.obj (.text:SystemInit)
                  00001204    0000006c     msp432p4xx_driverlib.lib : i2c.o (.text:I2C_masterSendMultiByteFinish)
                  00001270    00000068                              : i2c.o (.text:I2C_masterSendMultiByteStart)
                  000012d8    00000068     rtsv7M4_T_le_v4SPD16_eabi.lib : copy_decompress_lzss.c.obj (.text:decompress:lzss:__TI_decompress_lzss)
                  00001340    00000062     msp432p4xx_driverlib.lib : i2c.o (.text:I2C_initMaster)
                  000013a2    00000002     startup_msp432p401r_ccs.obj (.text:Default_Handler)
                  000013a4    00000060     Motor.obj (.text:set_left_motor_pwm)
                  00001404    00000060     Motor.obj (.text:set_right_motor_pwm)
                  00001464    0000005c     Bump.obj (.text:Bump_Init)
                  000014c0    00000058     Reflectance.obj (.text:Reflectance_Init)
                  00001518    00000048     HAL_I2C.obj (.text:I2C_write16)
                  00001560    00000044     Button.obj (.text:PORT1_IRQHandler)
                  000015a4    00000044     rtsv7M4_T_le_v4SPD16_eabi.lib : autoinit.c.obj (.text:__TI_auto_init_nobinit_nopinit:__TI_auto_init_nobinit_nopinit)
                  000015e8    00000040     msp432p4xx_driverlib.lib : i2c.o (.text:I2C_masterReceiveMultiByteFinish)
                  00001628    00000038                              : i2c.o (.text:I2C_masterSendMultiByteStop)
                  00001660    00000034                              : i2c.o (.text:I2C_masterSendMultiByteNext)
                  00001694    00000034     rtsv7M4_T_le_v4SPD16_eabi.lib : boot_cortex_m.c.obj (.text:_c_int00_noargs:_c_int00_noargs)
                  000016c8    00000034                                   : rand.c.obj (.text:rand)
                  000016fc    00000030     Motor.obj (.text:set_left_motor_direction)
                  0000172c    00000030     Motor.obj (.text:set_right_motor_direction)
                  0000175c    0000002c     Clock.obj (.text:Clock_Delay1ms)
                  00001788    00000020     HAL_I2C.obj (.text:I2C_init)
                  000017a8    0000001c     msp432p4xx_driverlib.lib : i2c.o (.text:I2C_setMode)
                  000017c4    0000001c     HAL_I2C.obj (.text:I2C_setslave)
                  000017e0    0000001c     rtsv7M4_T_le_v4SPD16_eabi.lib : copy_zero_init.c.obj (.text:decompress:ZI:__TI_zero_init_nomemset:__TI_zero_init_nomemset)
                  000017fc    0000001a     msp432p4xx_driverlib.lib : i2c.o (.text:I2C_masterReceiveStart)
                  00001816    00000018                              : i2c.o (.text:I2C_getInterruptStatus)
                  0000182e    00000002     rtsv7M4_T_le_v4SPD16_eabi.lib : _lock.c.obj (.text:_nop)
                  00001830    00000018     msp432p4xx_driverlib.lib : i2c.o (.text:I2C_isBusBusy)
                  00001848    00000018     HAL_I2C.obj (.text:Init_I2C_GPIO)
                  00001860    00000018     Button.obj (.text:button_S1_pressed)
                  00001878    00000018     Button.obj (.text:button_S2_pressed)
                  00001890    00000016     msp432p4xx_driverlib.lib : i2c.o (.text:I2C_clearInterruptFlag)
                  000018a6    00000016                              : i2c.o (.text:I2C_disableModule)
                  000018bc    00000016                              : i2c.o (.text:I2C_enableModule)
                  000018d2    00000014                              : i2c.o (.text:I2C_masterReceiveMultiByteNext)
                  000018e6    00000014                              : i2c.o (.text:I2C_setSlaveAddress)
                  000018fa    00000014     HAL_OPT3001.obj (.text:OPT3001_init)
                  0000190e    00000002     --HOLE-- [fill = 0]
                  00001910    00000010     main.obj (.text:SysTick_Handler)
                  00001920    0000000e     rtsv7M4_T_le_v4SPD16_eabi.lib : copy_decompress_none.c.obj (.text:decompress:none:__TI_decompress_none)
                  0000192e    0000000e     Clock.obj (.text:delay)
                  0000193c    0000000c     startup_msp432p401r_ccs.obj (.text:Reset_Handler)
                  00001948    0000000c     Encoder.obj (.text:get_left_motor_count)
                  00001954    0000000c     Encoder.obj (.text:get_right_motor_count)
                  00001960    00000004     rtsv7M4_T_le_v4SPD16_eabi.lib : pre_init.c.obj (.text:_system_pre_init)
                  00001964    00000004                                   : exit.c.obj (.text:abort:abort)

.const     0    00001968    00000044     
                  00001968    00000030     msp432p4xx_driverlib.lib : gpio.o (.const:GPIO_PORT_TO_BASE)
                  00001998    00000014     HAL_I2C.obj (.const:i2cConfig)

.cinit     0    000019b0    00000058     
                  000019b0    0000002d     (.cinit..data.load) [load image, compression = lzss]
                  000019dd    00000003     --HOLE-- [fill = 0]
                  000019e0    0000000c     (__TI_handler_table)
                  000019ec    00000004     --HOLE-- [fill = 0]
                  000019f0    00000008     (.cinit..bss.load) [load image, compression = zero_init]
                  000019f8    00000010     (__TI_cinit_table)

.init_array 
*          0    00000000    00000000     UNINITIALIZED

.binit     0    00000000    00000000     

.data      0    20000000    00000068     UNINITIALIZED
                  20000000    00000018     Clock.obj (.data)
                  20000018    00000018     Motor.obj (.data:left_motor_pwm_config)
                  20000030    00000018     Motor.obj (.data:right_motor_pwm_config)
                  20000048    00000009     main.obj (.data)
                  20000051    00000002     Button.obj (.data)
                  20000053    00000001     --HOLE--
                  20000054    00000008     rtsv7M4_T_le_v4SPD16_eabi.lib : _lock.c.obj (.data:$O1$$)
                  2000005c    00000008     Encoder.obj (.data)
                  20000064    00000004     rtsv7M4_T_le_v4SPD16_eabi.lib : rand.c.obj (.data)

.bss       0    20000068    0000000f     UNINITIALIZED
                  20000068    00000004     (.common:lux)
                  2000006c    00000004     (.common:mouse)
                  20000070    00000001     (.common:bump_data)
                  20000071    00000001     (.common:bump_data0)
                  20000072    00000001     (.common:bump_data1)
                  20000073    00000001     (.common:bump_data2)
                  20000074    00000001     (.common:bump_data3)
                  20000075    00000001     (.common:bump_data4)
                  20000076    00000001     (.common:bump_data5)

.stack     0    2000fe00    00000200     UNINITIALIZED
                  2000fe00    00000004     rtsv7M4_T_le_v4SPD16_eabi.lib : boot_cortex_m.c.obj (.stack)
                  2000fe04    000001fc     --HOLE--

MODULE SUMMARY

       Module                        code   ro data   rw data
       ------                        ----   -------   -------
    .\
       main.obj                      2428   0         48     
       system_msp432p401r.obj        120    0         0      
    +--+-----------------------------+------+---------+---------+
       Total:                        2548   0         48     
                                                             
    .\Library\
       Motor.obj                     464    0         96     
       Clock.obj                     438    0         48     
       Encoder.obj                   356    0         16     
       HAL_I2C.obj                   296    20        0      
       Bump.obj                      268    0         0      
       Button.obj                    256    0         4      
       HAL_OPT3001.obj               236    0         0      
       Reflectance.obj               88     0         0      
    +--+-----------------------------+------+---------+---------+
       Total:                        2402   20        164    
                                                             
    .\ccs\
       startup_msp432p401r_ccs.obj   14     228       0      
    +--+-----------------------------+------+---------+---------+
       Total:                        14     228       0      
                                                             
    C:/ti/simplelink_msp432p4_sdk_3_30_00_13/source/ti/devices/msp432p4xx/driverlib/ccs/msp432p4xx_driverlib.lib
       i2c.o                         690    0         0      
       gpio.o                        136    48        0      
    +--+-----------------------------+------+---------+---------+
       Total:                        826    48        0      
                                                             
    C:\ti\ccs920\ccs\tools\compiler\ti-cgt-arm_18.12.3.LTS\lib\rtsv7M4_T_le_v4SPD16_eabi.lib
       memcpy_t2.asm.obj             156    0         0      
       copy_decompress_lzss.c.obj    104    0         0      
       autoinit.c.obj                68     0         0      
       rand.c.obj                    52     0         8      
       boot_cortex_m.c.obj           52     0         0      
       copy_zero_init.c.obj          28     0         0      
       _lock.c.obj                   2      0         16     
       copy_decompress_none.c.obj    14     0         0      
       exit.c.obj                    4      0         0      
       pre_init.c.obj                4      0         0      
    +--+-----------------------------+------+---------+---------+
       Total:                        484    0         24     
                                                             
       Stack:                        0      0         1024   
       Linker Generated:             0      81        0      
    +--+-----------------------------+------+---------+---------+
       Grand Total:                  6274   377       1260   


LINKER GENERATED COPY TABLES

__TI_cinit_table @ 000019f8 records: 2, size/record: 8, table size: 16
	.data: load addr=000019b0, load size=0000002d bytes, run addr=20000000, run size=00000068 bytes, compression=lzss
	.bss: load addr=000019f0, load size=00000008 bytes, run addr=20000068, run size=0000000f bytes, compression=zero_init


LINKER GENERATED HANDLER TABLE

__TI_handler_table @ 000019e0 records: 3, size/record: 4, table size: 12
	index: 0, handler: __TI_decompress_lzss
	index: 1, handler: __TI_decompress_none
	index: 2, handler: __TI_zero_init


GLOBAL SYMBOLS: SORTED ALPHABETICALLY BY Name 

address   name                                       
-------   ----                                       
000013a3  ADC14_IRQHandler                           
000013a3  AES256_IRQHandler                          
00001465  Bump_Init                                  
00000d59  Bump_Read                                  
000013a3  BusFault_Handler                           
00001965  C$$EXIT                                    
000013a3  COMP_E0_IRQHandler                         
000013a3  COMP_E1_IRQHandler                         
20000008  CPMwait                                    
000013a3  CS_IRQHandler                              
20000000  ClockFrequency                             
0000175d  Clock_Delay1ms                             
00000995  Clock_Init48MHz                            
20000014  Crystalstable                              
000013a3  DMA_ERR_IRQHandler                         
000013a3  DMA_INT0_IRQHandler                        
000013a3  DMA_INT1_IRQHandler                        
000013a3  DMA_INT2_IRQHandler                        
000013a3  DMA_INT3_IRQHandler                        
000013a3  DebugMon_Handler                           
000013a3  Default_Handler                            
000013a3  EUSCIA0_IRQHandler                         
000013a3  EUSCIA1_IRQHandler                         
000013a3  EUSCIA2_IRQHandler                         
000013a3  EUSCIA3_IRQHandler                         
000013a3  EUSCIB0_IRQHandler                         
000013a3  EUSCIB1_IRQHandler                         
000013a3  EUSCIB2_IRQHandler                         
000013a3  EUSCIB3_IRQHandler                         
000013a3  FLCTL_IRQHandler                           
000013a3  FPU_IRQHandler                             
00001105  GPIO_setAsPeripheralModuleFunctionOutputPin
000013a3  HardFault_Handler                          
00001891  I2C_clearInterruptFlag                     
000018a7  I2C_disableModule                          
000018bd  I2C_enableModule                           
00001817  I2C_getInterruptStatus                     
00001789  I2C_init                                   
00001341  I2C_initMaster                             
00001831  I2C_isBusBusy                              
000015e9  I2C_masterReceiveMultiByteFinish           
000018d3  I2C_masterReceiveMultiByteNext             
000017fd  I2C_masterReceiveStart                     
00001205  I2C_masterSendMultiByteFinish              
00001661  I2C_masterSendMultiByteNext                
00001271  I2C_masterSendMultiByteStart               
00001629  I2C_masterSendMultiByteStop                
00000fed  I2C_read16                                 
000017a9  I2C_setMode                                
000018e7  I2C_setSlaveAddress                        
000017c5  I2C_setslave                               
00001519  I2C_write16                                
20000010  IFlags                                     
00001849  Init_I2C_GPIO                              
00000be9  Initialize_System                          
000013a3  MemManage_Handler                          
000013a3  NMI_Handler                                
00000b11  OPT3001_getLux                             
000018fb  OPT3001_init                               
000013a3  PCM_IRQHandler                             
00001561  PORT1_IRQHandler                           
00001561  PORT1_IRQHandler                           
000013a3  PORT2_IRQHandler                           
000013a3  PORT3_IRQHandler                           
000013a3  PORT4_IRQHandler                           
00000f55  PORT5_IRQHandler                           
00000f55  PORT5_IRQHandler                           
000013a3  PORT6_IRQHandler                           
000013a3  PSS_IRQHandler                             
000013a3  PendSV_Handler                             
2000000c  Postwait                                   
20000004  Prewait                                    
000013a3  RTC_C_IRQHandler                           
000014c1  Reflectance_Init                           
0000193d  Reset_Handler                              
000013a3  SVC_Handler                                
00001911  SysTick_Handler                            
00001911  SysTick_Handler                            
0000118d  SystemInit                                 
000013a3  T32_INT1_IRQHandler                        
000013a3  T32_INT2_IRQHandler                        
000013a3  T32_INTC_IRQHandler                        
000013a3  TA0_0_IRQHandler                           
000013a3  TA0_N_IRQHandler                           
000013a3  TA1_0_IRQHandler                           
000013a3  TA1_N_IRQHandler                           
000013a3  TA2_0_IRQHandler                           
000013a3  TA2_N_IRQHandler                           
000013a3  TA3_0_IRQHandler                           
000013a3  TA3_N_IRQHandler                           
000013a3  UsageFault_Handler                         
4000480c  WDTCTL_SYM                                 
000013a3  WDT_A_IRQHandler                           
20010000  __STACK_END                                
00000200  __STACK_SIZE                               
000019f8  __TI_CINIT_Base                            
00001a08  __TI_CINIT_Limit                           
000019e0  __TI_Handler_Table_Base                    
000019ec  __TI_Handler_Table_Limit                   
000015a5  __TI_auto_init_nobinit_nopinit             
000012d9  __TI_decompress_lzss                       
00001921  __TI_decompress_none                       
ffffffff  __TI_pprof_out_hndl                        
ffffffff  __TI_prof_data_size                        
ffffffff  __TI_prof_data_start                       
00000000  __TI_static_base__                         
000017e1  __TI_zero_init_nomemset                    
00000eb9  __aeabi_memcpy                             
00000eb9  __aeabi_memcpy4                            
00000eb9  __aeabi_memcpy8                            
ffffffff  __binit__                                  
ffffffff  __c_args__                                 
UNDEFED   __mpu_init                                 
2000fe00  __stack                                    
00001695  _c_int00_noargs                            
20000054  _lock                                      
0000182f  _nop                                       
UNDEFED   _system_post_cinit                         
00001961  _system_pre_init                           
20000058  _unlock                                    
00001965  abort                                      
ffffffff  binit                                      
20000070  bump_data                                  
20000071  bump_data0                                 
20000072  bump_data1                                 
20000073  bump_data2                                 
20000074  bump_data3                                 
20000075  bump_data4                                 
20000076  bump_data5                                 
00001861  button_S1_pressed                          
20000051  button_S1_pressed_flag                     
00001879  button_S2_pressed                          
20000052  button_S2_pressed_flag                     
00001079  button_init                                
0000192f  delay                                      
00000ca5  encoder_init                               
00001949  get_left_motor_count                       
00001955  get_right_motor_count                      
2000004c  i                                          
00001998  i2cConfig                                  
00000000  interruptVectors                           
2000005c  left_motor_count                           
20000018  left_motor_pwm_config                      
20000068  lux                                        
000000e5  main                                       
00000eb9  memcpy                                     
00000e09  motor_init                                 
2000006c  mouse                                      
000016c9  rand                                       
20000060  right_motor_count                          
20000030  right_motor_pwm_config                     
000016fd  set_left_motor_direction                   
000013a5  set_left_motor_pwm                         
0000172d  set_right_motor_direction                  
00001405  set_right_motor_pwm                        
20000050  state                                      
20000048  tick                                       


GLOBAL SYMBOLS: SORTED BY Symbol Address 

address   name                                       
-------   ----                                       
00000000  __TI_static_base__                         
00000000  interruptVectors                           
000000e5  main                                       
00000200  __STACK_SIZE                               
00000995  Clock_Init48MHz                            
00000b11  OPT3001_getLux                             
00000be9  Initialize_System                          
00000ca5  encoder_init                               
00000d59  Bump_Read                                  
00000e09  motor_init                                 
00000eb9  __aeabi_memcpy                             
00000eb9  __aeabi_memcpy4                            
00000eb9  __aeabi_memcpy8                            
00000eb9  memcpy                                     
00000f55  PORT5_IRQHandler                           
00000f55  PORT5_IRQHandler                           
00000fed  I2C_read16                                 
00001079  button_init                                
00001105  GPIO_setAsPeripheralModuleFunctionOutputPin
0000118d  SystemInit                                 
00001205  I2C_masterSendMultiByteFinish              
00001271  I2C_masterSendMultiByteStart               
000012d9  __TI_decompress_lzss                       
00001341  I2C_initMaster                             
000013a3  ADC14_IRQHandler                           
000013a3  AES256_IRQHandler                          
000013a3  BusFault_Handler                           
000013a3  COMP_E0_IRQHandler                         
000013a3  COMP_E1_IRQHandler                         
000013a3  CS_IRQHandler                              
000013a3  DMA_ERR_IRQHandler                         
000013a3  DMA_INT0_IRQHandler                        
000013a3  DMA_INT1_IRQHandler                        
000013a3  DMA_INT2_IRQHandler                        
000013a3  DMA_INT3_IRQHandler                        
000013a3  DebugMon_Handler                           
000013a3  Default_Handler                            
000013a3  EUSCIA0_IRQHandler                         
000013a3  EUSCIA1_IRQHandler                         
000013a3  EUSCIA2_IRQHandler                         
000013a3  EUSCIA3_IRQHandler                         
000013a3  EUSCIB0_IRQHandler                         
000013a3  EUSCIB1_IRQHandler                         
000013a3  EUSCIB2_IRQHandler                         
000013a3  EUSCIB3_IRQHandler                         
000013a3  FLCTL_IRQHandler                           
000013a3  FPU_IRQHandler                             
000013a3  HardFault_Handler                          
000013a3  MemManage_Handler                          
000013a3  NMI_Handler                                
000013a3  PCM_IRQHandler                             
000013a3  PORT2_IRQHandler                           
000013a3  PORT3_IRQHandler                           
000013a3  PORT4_IRQHandler                           
000013a3  PORT6_IRQHandler                           
000013a3  PSS_IRQHandler                             
000013a3  PendSV_Handler                             
000013a3  RTC_C_IRQHandler                           
000013a3  SVC_Handler                                
000013a3  T32_INT1_IRQHandler                        
000013a3  T32_INT2_IRQHandler                        
000013a3  T32_INTC_IRQHandler                        
000013a3  TA0_0_IRQHandler                           
000013a3  TA0_N_IRQHandler                           
000013a3  TA1_0_IRQHandler                           
000013a3  TA1_N_IRQHandler                           
000013a3  TA2_0_IRQHandler                           
000013a3  TA2_N_IRQHandler                           
000013a3  TA3_0_IRQHandler                           
000013a3  TA3_N_IRQHandler                           
000013a3  UsageFault_Handler                         
000013a3  WDT_A_IRQHandler                           
000013a5  set_left_motor_pwm                         
00001405  set_right_motor_pwm                        
00001465  Bump_Init                                  
000014c1  Reflectance_Init                           
00001519  I2C_write16                                
00001561  PORT1_IRQHandler                           
00001561  PORT1_IRQHandler                           
000015a5  __TI_auto_init_nobinit_nopinit             
000015e9  I2C_masterReceiveMultiByteFinish           
00001629  I2C_masterSendMultiByteStop                
00001661  I2C_masterSendMultiByteNext                
00001695  _c_int00_noargs                            
000016c9  rand                                       
000016fd  set_left_motor_direction                   
0000172d  set_right_motor_direction                  
0000175d  Clock_Delay1ms                             
00001789  I2C_init                                   
000017a9  I2C_setMode                                
000017c5  I2C_setslave                               
000017e1  __TI_zero_init_nomemset                    
000017fd  I2C_masterReceiveStart                     
00001817  I2C_getInterruptStatus                     
0000182f  _nop                                       
00001831  I2C_isBusBusy                              
00001849  Init_I2C_GPIO                              
00001861  button_S1_pressed                          
00001879  button_S2_pressed                          
00001891  I2C_clearInterruptFlag                     
000018a7  I2C_disableModule                          
000018bd  I2C_enableModule                           
000018d3  I2C_masterReceiveMultiByteNext             
000018e7  I2C_setSlaveAddress                        
000018fb  OPT3001_init                               
00001911  SysTick_Handler                            
00001911  SysTick_Handler                            
00001921  __TI_decompress_none                       
0000192f  delay                                      
0000193d  Reset_Handler                              
00001949  get_left_motor_count                       
00001955  get_right_motor_count                      
00001961  _system_pre_init                           
00001965  C$$EXIT                                    
00001965  abort                                      
00001998  i2cConfig                                  
000019e0  __TI_Handler_Table_Base                    
000019ec  __TI_Handler_Table_Limit                   
000019f8  __TI_CINIT_Base                            
00001a08  __TI_CINIT_Limit                           
20000000  ClockFrequency                             
20000004  Prewait                                    
20000008  CPMwait                                    
2000000c  Postwait                                   
20000010  IFlags                                     
20000014  Crystalstable                              
20000018  left_motor_pwm_config                      
20000030  right_motor_pwm_config                     
20000048  tick                                       
2000004c  i                                          
20000050  state                                      
20000051  button_S1_pressed_flag                     
20000052  button_S2_pressed_flag                     
20000054  _lock                                      
20000058  _unlock                                    
2000005c  left_motor_count                           
20000060  right_motor_count                          
20000068  lux                                        
2000006c  mouse                                      
20000070  bump_data                                  
20000071  bump_data0                                 
20000072  bump_data1                                 
20000073  bump_data2                                 
20000074  bump_data3                                 
20000075  bump_data4                                 
20000076  bump_data5                                 
2000fe00  __stack                                    
20010000  __STACK_END                                
4000480c  WDTCTL_SYM                                 
ffffffff  __TI_pprof_out_hndl                        
ffffffff  __TI_prof_data_size                        
ffffffff  __TI_prof_data_start                       
ffffffff  __binit__                                  
ffffffff  __c_args__                                 
ffffffff  binit                                      
UNDEFED   __mpu_init                                 
UNDEFED   _system_post_cinit                         

[157 symbols]
