<?xml version="1.0" encoding="ISO-8859-1" ?>
<link_info>
   <banner>TI ARM Linker PC v18.12.2.LTS</banner>
   <copyright>Copyright (c) 1996-2018 Texas Instruments Incorporated</copyright>
   <link_time>0x5dcc84fc</link_time>
   <link_errors>0x0</link_errors>
   <output_file>starscream lab 7.out</output_file>
   <entry_point>
      <name>_c_int00_noargs</name>
      <address>0x14e1</address>
   </entry_point>
   <input_file_list>
      <input_file id="fl-2">
         <path>.\</path>
         <kind>object</kind>
         <file>main.obj</file>
         <name>main.obj</name>
      </input_file>
      <input_file id="fl-3">
         <path>.\</path>
         <kind>object</kind>
         <file>system_msp432p401r.obj</file>
         <name>system_msp432p401r.obj</name>
      </input_file>
      <input_file id="fl-4">
         <path>.\Library\</path>
         <kind>object</kind>
         <file>Bump.obj</file>
         <name>Bump.obj</name>
      </input_file>
      <input_file id="fl-5">
         <path>.\Library\</path>
         <kind>object</kind>
         <file>Button.obj</file>
         <name>Button.obj</name>
      </input_file>
      <input_file id="fl-6">
         <path>.\Library\</path>
         <kind>object</kind>
         <file>Clock.obj</file>
         <name>Clock.obj</name>
      </input_file>
      <input_file id="fl-7">
         <path>.\Library\</path>
         <kind>object</kind>
         <file>Encoder.obj</file>
         <name>Encoder.obj</name>
      </input_file>
      <input_file id="fl-8">
         <path>.\Library\</path>
         <kind>object</kind>
         <file>HAL_I2C.obj</file>
         <name>HAL_I2C.obj</name>
      </input_file>
      <input_file id="fl-9">
         <path>.\Library\</path>
         <kind>object</kind>
         <file>HAL_OPT3001.obj</file>
         <name>HAL_OPT3001.obj</name>
      </input_file>
      <input_file id="fl-a">
         <path>.\Library\</path>
         <kind>object</kind>
         <file>Motor.obj</file>
         <name>Motor.obj</name>
      </input_file>
      <input_file id="fl-b">
         <path>.\Library\</path>
         <kind>object</kind>
         <file>Reflectance.obj</file>
         <name>Reflectance.obj</name>
      </input_file>
      <input_file id="fl-c">
         <path>.\ccs\</path>
         <kind>object</kind>
         <file>startup_msp432p401r_ccs.obj</file>
         <name>startup_msp432p401r_ccs.obj</name>
      </input_file>
      <input_file id="fl-16">
         <kind>object</kind>
         <file>&lt;internal&gt;</file>
         <name>&lt;internal&gt;</name>
      </input_file>
      <input_file id="fl-17">
         <path>C:\ti\simplelink_msp432p4_sdk_3_20_00_06\source\ti\devices\msp432p4xx\driverlib\ccs\</path>
         <kind>archive</kind>
         <file>msp432p4xx_driverlib.lib</file>
         <name>gpio.o</name>
      </input_file>
      <input_file id="fl-18">
         <path>C:\ti\simplelink_msp432p4_sdk_3_20_00_06\source\ti\devices\msp432p4xx\driverlib\ccs\</path>
         <kind>archive</kind>
         <file>msp432p4xx_driverlib.lib</file>
         <name>i2c.o</name>
      </input_file>
      <input_file id="fl-19">
         <path>C:\ti\simplelink_msp432p4_sdk_3_20_00_06\source\ti\devices\msp432p4xx\driverlib\ccs\</path>
         <kind>archive</kind>
         <file>msp432p4xx_driverlib.lib</file>
         <name>interrupt.o</name>
      </input_file>
      <input_file id="fl-1a">
         <path>C:\ti\simplelink_msp432p4_sdk_3_20_00_06\source\ti\devices\msp432p4xx\driverlib\ccs\</path>
         <kind>archive</kind>
         <file>msp432p4xx_driverlib.lib</file>
         <name>cpu.o</name>
      </input_file>
      <input_file id="fl-d0">
         <path>D:\ti\ccs910\ccs\tools\compiler\ti-cgt-arm_18.12.2.LTS\lib\</path>
         <kind>archive</kind>
         <file>rtsv7M4_T_le_v4SPD16_eabi.lib</file>
         <name>fd_cmp_t2.asm.obj</name>
      </input_file>
      <input_file id="fl-d1">
         <path>D:\ti\ccs910\ccs\tools\compiler\ti-cgt-arm_18.12.2.LTS\lib\</path>
         <kind>archive</kind>
         <file>rtsv7M4_T_le_v4SPD16_eabi.lib</file>
         <name>fd_div_t2.asm.obj</name>
      </input_file>
      <input_file id="fl-d2">
         <path>D:\ti\ccs910\ccs\tools\compiler\ti-cgt-arm_18.12.2.LTS\lib\</path>
         <kind>archive</kind>
         <file>rtsv7M4_T_le_v4SPD16_eabi.lib</file>
         <name>fd_toi_t2.asm.obj</name>
      </input_file>
      <input_file id="fl-d3">
         <path>D:\ti\ccs910\ccs\tools\compiler\ti-cgt-arm_18.12.2.LTS\lib\</path>
         <kind>archive</kind>
         <file>rtsv7M4_T_le_v4SPD16_eabi.lib</file>
         <name>fd_tos_t2.asm.obj</name>
      </input_file>
      <input_file id="fl-d4">
         <path>D:\ti\ccs910\ccs\tools\compiler\ti-cgt-arm_18.12.2.LTS\lib\</path>
         <kind>archive</kind>
         <file>rtsv7M4_T_le_v4SPD16_eabi.lib</file>
         <name>fs_tod_t2.asm.obj</name>
      </input_file>
      <input_file id="fl-d5">
         <path>D:\ti\ccs910\ccs\tools\compiler\ti-cgt-arm_18.12.2.LTS\lib\</path>
         <kind>archive</kind>
         <file>rtsv7M4_T_le_v4SPD16_eabi.lib</file>
         <name>i_tofd_t2.asm.obj</name>
      </input_file>
      <input_file id="fl-d6">
         <path>D:\ti\ccs910\ccs\tools\compiler\ti-cgt-arm_18.12.2.LTS\lib\</path>
         <kind>archive</kind>
         <file>rtsv7M4_T_le_v4SPD16_eabi.lib</file>
         <name>copy_zero_init.c.obj</name>
      </input_file>
      <input_file id="fl-d7">
         <path>D:\ti\ccs910\ccs\tools\compiler\ti-cgt-arm_18.12.2.LTS\lib\</path>
         <kind>archive</kind>
         <file>rtsv7M4_T_le_v4SPD16_eabi.lib</file>
         <name>copy_decompress_none.c.obj</name>
      </input_file>
      <input_file id="fl-d8">
         <path>D:\ti\ccs910\ccs\tools\compiler\ti-cgt-arm_18.12.2.LTS\lib\</path>
         <kind>archive</kind>
         <file>rtsv7M4_T_le_v4SPD16_eabi.lib</file>
         <name>copy_decompress_lzss.c.obj</name>
      </input_file>
      <input_file id="fl-d9">
         <path>D:\ti\ccs910\ccs\tools\compiler\ti-cgt-arm_18.12.2.LTS\lib\</path>
         <kind>archive</kind>
         <file>rtsv7M4_T_le_v4SPD16_eabi.lib</file>
         <name>boot_cortex_m.c.obj</name>
      </input_file>
      <input_file id="fl-da">
         <path>D:\ti\ccs910\ccs\tools\compiler\ti-cgt-arm_18.12.2.LTS\lib\</path>
         <kind>archive</kind>
         <file>rtsv7M4_T_le_v4SPD16_eabi.lib</file>
         <name>memset_t2.asm.obj</name>
      </input_file>
      <input_file id="fl-db">
         <path>D:\ti\ccs910\ccs\tools\compiler\ti-cgt-arm_18.12.2.LTS\lib\</path>
         <kind>archive</kind>
         <file>rtsv7M4_T_le_v4SPD16_eabi.lib</file>
         <name>memcpy_t2.asm.obj</name>
      </input_file>
      <input_file id="fl-dc">
         <path>D:\ti\ccs910\ccs\tools\compiler\ti-cgt-arm_18.12.2.LTS\lib\</path>
         <kind>archive</kind>
         <file>rtsv7M4_T_le_v4SPD16_eabi.lib</file>
         <name>autoinit.c.obj</name>
      </input_file>
      <input_file id="fl-dd">
         <path>D:\ti\ccs910\ccs\tools\compiler\ti-cgt-arm_18.12.2.LTS\lib\</path>
         <kind>archive</kind>
         <file>rtsv7M4_T_le_v4SPD16_eabi.lib</file>
         <name>pre_init.c.obj</name>
      </input_file>
      <input_file id="fl-de">
         <path>D:\ti\ccs910\ccs\tools\compiler\ti-cgt-arm_18.12.2.LTS\lib\</path>
         <kind>archive</kind>
         <file>rtsv7M4_T_le_v4SPD16_eabi.lib</file>
         <name>cpy_tbl.c.obj</name>
      </input_file>
      <input_file id="fl-df">
         <path>D:\ti\ccs910\ccs\tools\compiler\ti-cgt-arm_18.12.2.LTS\lib\</path>
         <kind>archive</kind>
         <file>rtsv7M4_T_le_v4SPD16_eabi.lib</file>
         <name>exit.c.obj</name>
      </input_file>
      <input_file id="fl-e0">
         <path>D:\ti\ccs910\ccs\tools\compiler\ti-cgt-arm_18.12.2.LTS\lib\</path>
         <kind>archive</kind>
         <file>rtsv7M4_T_le_v4SPD16_eabi.lib</file>
         <name>_lock.c.obj</name>
      </input_file>
      <input_file id="fl-e1">
         <path>D:\ti\ccs910\ccs\tools\compiler\ti-cgt-arm_18.12.2.LTS\lib\</path>
         <kind>archive</kind>
         <file>rtsv7M4_T_le_v4SPD16_eabi.lib</file>
         <name>args_main.c.obj</name>
      </input_file>
   </input_file_list>
   <object_component_list>
      <object_component id="oc-23">
         <name>.intvecs:retain</name>
         <load_address>0x0</load_address>
         <run_address>0x0</run_address>
         <size>0xe4</size>
         <input_file_ref idref="fl-c"/>
      </object_component>
      <object_component id="oc-a8">
         <name>.text:main</name>
         <load_address>0xe4</load_address>
         <run_address>0xe4</run_address>
         <size>0x6fc</size>
         <input_file_ref idref="fl-2"/>
      </object_component>
      <object_component id="oc-191">
         <name>.text:Clock_Init48MHz</name>
         <load_address>0x7e0</load_address>
         <run_address>0x7e0</run_address>
         <size>0x17c</size>
         <input_file_ref idref="fl-6"/>
      </object_component>
      <object_component id="oc-102">
         <name>.text:OPT3001_getLux</name>
         <load_address>0x95c</load_address>
         <run_address>0x95c</run_address>
         <size>0xd8</size>
         <input_file_ref idref="fl-9"/>
      </object_component>
      <object_component id="oc-ea">
         <name>.text:Initialize_System</name>
         <load_address>0xa34</load_address>
         <run_address>0xa34</run_address>
         <size>0xbc</size>
         <input_file_ref idref="fl-2"/>
      </object_component>
      <object_component id="oc-1a9">
         <name>.text:encoder_init</name>
         <load_address>0xaf0</load_address>
         <run_address>0xaf0</run_address>
         <size>0xb4</size>
         <input_file_ref idref="fl-7"/>
      </object_component>
      <object_component id="oc-fc">
         <name>.text:Bump_Read</name>
         <load_address>0xba4</load_address>
         <run_address>0xba4</run_address>
         <size>0xb0</size>
         <input_file_ref idref="fl-4"/>
      </object_component>
      <object_component id="oc-1a3">
         <name>.text:motor_init</name>
         <load_address>0xc54</load_address>
         <run_address>0xc54</run_address>
         <size>0xb0</size>
         <input_file_ref idref="fl-a"/>
      </object_component>
      <object_component id="oc-34">
         <name>.text</name>
         <load_address>0xd04</load_address>
         <run_address>0xd04</run_address>
         <size>0x9c</size>
         <input_file_ref idref="fl-db"/>
      </object_component>
      <object_component id="oc-7c">
         <name>.text:PORT5_IRQHandler</name>
         <load_address>0xda0</load_address>
         <run_address>0xda0</run_address>
         <size>0x98</size>
         <input_file_ref idref="fl-7"/>
      </object_component>
      <object_component id="oc-1d7">
         <name>.text:I2C_read16</name>
         <load_address>0xe38</load_address>
         <run_address>0xe38</run_address>
         <size>0x8c</size>
         <input_file_ref idref="fl-8"/>
      </object_component>
      <object_component id="oc-1af">
         <name>.text:button_init</name>
         <load_address>0xec4</load_address>
         <run_address>0xec4</run_address>
         <size>0x8c</size>
         <input_file_ref idref="fl-5"/>
      </object_component>
      <object_component id="oc-220">
         <name>.text:GPIO_setAsPeripheralModuleFunctionOutputPin</name>
         <load_address>0xf50</load_address>
         <run_address>0xf50</run_address>
         <size>0x88</size>
         <input_file_ref idref="fl-17"/>
      </object_component>
      <object_component id="oc-ba">
         <name>.text:SystemInit</name>
         <load_address>0xfd8</load_address>
         <run_address>0xfd8</run_address>
         <size>0x78</size>
         <input_file_ref idref="fl-3"/>
      </object_component>
      <object_component id="oc-2ca">
         <name>.text:I2C_masterSendMultiByteFinish</name>
         <load_address>0x1050</load_address>
         <run_address>0x1050</run_address>
         <size>0x6c</size>
         <input_file_ref idref="fl-18"/>
      </object_component>
      <object_component id="oc-266">
         <name>.text:I2C_masterSendMultiByteStart</name>
         <load_address>0x10bc</load_address>
         <run_address>0x10bc</run_address>
         <size>0x68</size>
         <input_file_ref idref="fl-18"/>
      </object_component>
      <object_component id="oc-14">
         <name>.text:decompress:lzss:__TI_decompress_lzss</name>
         <load_address>0x1124</load_address>
         <run_address>0x1124</run_address>
         <size>0x68</size>
         <input_file_ref idref="fl-d8"/>
      </object_component>
      <object_component id="oc-227">
         <name>.text:I2C_initMaster</name>
         <load_address>0x118c</load_address>
         <run_address>0x118c</run_address>
         <size>0x62</size>
         <input_file_ref idref="fl-18"/>
      </object_component>
      <object_component id="oc-6a">
         <name>.text:Default_Handler</name>
         <load_address>0x11ee</load_address>
         <run_address>0x11ee</run_address>
         <size>0x2</size>
         <input_file_ref idref="fl-c"/>
      </object_component>
      <object_component id="oc-f0">
         <name>.text:set_left_motor_pwm</name>
         <load_address>0x11f0</load_address>
         <run_address>0x11f0</run_address>
         <size>0x60</size>
         <input_file_ref idref="fl-a"/>
      </object_component>
      <object_component id="oc-f6">
         <name>.text:set_right_motor_pwm</name>
         <load_address>0x1250</load_address>
         <run_address>0x1250</run_address>
         <size>0x60</size>
         <input_file_ref idref="fl-a"/>
      </object_component>
      <object_component id="oc-19d">
         <name>.text:Bump_Init</name>
         <load_address>0x12b0</load_address>
         <run_address>0x12b0</run_address>
         <size>0x5c</size>
         <input_file_ref idref="fl-4"/>
      </object_component>
      <object_component id="oc-197">
         <name>.text:Reflectance_Init</name>
         <load_address>0x130c</load_address>
         <run_address>0x130c</run_address>
         <size>0x58</size>
         <input_file_ref idref="fl-b"/>
      </object_component>
      <object_component id="oc-23d">
         <name>.text:I2C_write16</name>
         <load_address>0x1364</load_address>
         <run_address>0x1364</run_address>
         <size>0x48</size>
         <input_file_ref idref="fl-8"/>
      </object_component>
      <object_component id="oc-76">
         <name>.text:PORT1_IRQHandler</name>
         <load_address>0x13ac</load_address>
         <run_address>0x13ac</run_address>
         <size>0x44</size>
         <input_file_ref idref="fl-5"/>
      </object_component>
      <object_component id="oc-14e">
         <name>.text:__TI_auto_init_nobinit_nopinit:__TI_auto_init_nobinit_nopinit</name>
         <load_address>0x13f0</load_address>
         <run_address>0x13f0</run_address>
         <size>0x44</size>
         <input_file_ref idref="fl-dc"/>
      </object_component>
      <object_component id="oc-284">
         <name>.text:I2C_masterReceiveMultiByteFinish</name>
         <load_address>0x1434</load_address>
         <run_address>0x1434</run_address>
         <size>0x40</size>
         <input_file_ref idref="fl-18"/>
      </object_component>
      <object_component id="oc-272">
         <name>.text:I2C_masterSendMultiByteStop</name>
         <load_address>0x1474</load_address>
         <run_address>0x1474</run_address>
         <size>0x38</size>
         <input_file_ref idref="fl-18"/>
      </object_component>
      <object_component id="oc-2c4">
         <name>.text:I2C_masterSendMultiByteNext</name>
         <load_address>0x14ac</load_address>
         <run_address>0x14ac</run_address>
         <size>0x34</size>
         <input_file_ref idref="fl-18"/>
      </object_component>
      <object_component id="oc-52">
         <name>.text:_c_int00_noargs:_c_int00_noargs</name>
         <load_address>0x14e0</load_address>
         <run_address>0x14e0</run_address>
         <size>0x34</size>
         <input_file_ref idref="fl-d9"/>
      </object_component>
      <object_component id="oc-120">
         <name>.text:set_left_motor_direction</name>
         <load_address>0x1514</load_address>
         <run_address>0x1514</run_address>
         <size>0x30</size>
         <input_file_ref idref="fl-a"/>
      </object_component>
      <object_component id="oc-126">
         <name>.text:set_right_motor_direction</name>
         <load_address>0x1544</load_address>
         <run_address>0x1544</run_address>
         <size>0x30</size>
         <input_file_ref idref="fl-a"/>
      </object_component>
      <object_component id="oc-136">
         <name>.text:Clock_Delay1ms</name>
         <load_address>0x1574</load_address>
         <run_address>0x1574</run_address>
         <size>0x2c</size>
         <input_file_ref idref="fl-6"/>
      </object_component>
      <object_component id="oc-1bb">
         <name>.text:I2C_init</name>
         <load_address>0x15a0</load_address>
         <run_address>0x15a0</run_address>
         <size>0x20</size>
         <input_file_ref idref="fl-8"/>
      </object_component>
      <object_component id="oc-25a">
         <name>.text:I2C_setMode</name>
         <load_address>0x15c0</load_address>
         <run_address>0x15c0</run_address>
         <size>0x1c</size>
         <input_file_ref idref="fl-18"/>
      </object_component>
      <object_component id="oc-1d1">
         <name>.text:I2C_setslave</name>
         <load_address>0x15dc</load_address>
         <run_address>0x15dc</run_address>
         <size>0x1c</size>
         <input_file_ref idref="fl-8"/>
      </object_component>
      <object_component id="oc-40">
         <name>.text:decompress:ZI:__TI_zero_init_nomemset:__TI_zero_init_nomemset</name>
         <load_address>0x15f8</load_address>
         <run_address>0x15f8</run_address>
         <size>0x1c</size>
         <input_file_ref idref="fl-d6"/>
      </object_component>
      <object_component id="oc-278">
         <name>.text:I2C_masterReceiveStart</name>
         <load_address>0x1614</load_address>
         <run_address>0x1614</run_address>
         <size>0x1a</size>
         <input_file_ref idref="fl-18"/>
      </object_component>
      <object_component id="oc-26c">
         <name>.text:I2C_getInterruptStatus</name>
         <load_address>0x162e</load_address>
         <run_address>0x162e</run_address>
         <size>0x18</size>
         <input_file_ref idref="fl-18"/>
      </object_component>
      <object_component id="oc-260">
         <name>.text:I2C_isBusBusy</name>
         <load_address>0x1648</load_address>
         <run_address>0x1648</run_address>
         <size>0x18</size>
         <input_file_ref idref="fl-18"/>
      </object_component>
      <object_component id="oc-1b5">
         <name>.text:Init_I2C_GPIO</name>
         <load_address>0x1660</load_address>
         <run_address>0x1660</run_address>
         <size>0x18</size>
         <input_file_ref idref="fl-8"/>
      </object_component>
      <object_component id="oc-10e">
         <name>.text:button_S1_pressed</name>
         <load_address>0x1678</load_address>
         <run_address>0x1678</run_address>
         <size>0x18</size>
         <input_file_ref idref="fl-5"/>
      </object_component>
      <object_component id="oc-108">
         <name>.text:button_S2_pressed</name>
         <load_address>0x1690</load_address>
         <run_address>0x1690</run_address>
         <size>0x18</size>
         <input_file_ref idref="fl-5"/>
      </object_component>
      <object_component id="oc-253">
         <name>.text:I2C_clearInterruptFlag</name>
         <load_address>0x16a8</load_address>
         <run_address>0x16a8</run_address>
         <size>0x16</size>
         <input_file_ref idref="fl-18"/>
      </object_component>
      <object_component id="oc-22d">
         <name>.text:I2C_disableModule</name>
         <load_address>0x16be</load_address>
         <run_address>0x16be</run_address>
         <size>0x16</size>
         <input_file_ref idref="fl-18"/>
      </object_component>
      <object_component id="oc-233">
         <name>.text:I2C_enableModule</name>
         <load_address>0x16d4</load_address>
         <run_address>0x16d4</run_address>
         <size>0x16</size>
         <input_file_ref idref="fl-18"/>
      </object_component>
      <object_component id="oc-27e">
         <name>.text:I2C_masterReceiveMultiByteNext</name>
         <load_address>0x16ea</load_address>
         <run_address>0x16ea</run_address>
         <size>0x14</size>
         <input_file_ref idref="fl-18"/>
      </object_component>
      <object_component id="oc-24d">
         <name>.text:I2C_setSlaveAddress</name>
         <load_address>0x16fe</load_address>
         <run_address>0x16fe</run_address>
         <size>0x14</size>
         <input_file_ref idref="fl-18"/>
      </object_component>
      <object_component id="oc-1c1">
         <name>.text:OPT3001_init</name>
         <load_address>0x1712</load_address>
         <run_address>0x1712</run_address>
         <size>0x14</size>
         <input_file_ref idref="fl-9"/>
      </object_component>
      <object_component id="oc-70">
         <name>.text:SysTick_Handler</name>
         <load_address>0x1728</load_address>
         <run_address>0x1728</run_address>
         <size>0x10</size>
         <input_file_ref idref="fl-2"/>
      </object_component>
      <object_component id="oc-1a">
         <name>.text:decompress:none:__TI_decompress_none</name>
         <load_address>0x1738</load_address>
         <run_address>0x1738</run_address>
         <size>0xe</size>
         <input_file_ref idref="fl-d7"/>
      </object_component>
      <object_component id="oc-1f0">
         <name>.text:delay</name>
         <load_address>0x1746</load_address>
         <run_address>0x1746</run_address>
         <size>0xe</size>
         <input_file_ref idref="fl-6"/>
      </object_component>
      <object_component id="oc-64">
         <name>.text:Reset_Handler</name>
         <load_address>0x1754</load_address>
         <run_address>0x1754</run_address>
         <size>0xc</size>
         <input_file_ref idref="fl-c"/>
      </object_component>
      <object_component id="oc-114">
         <name>.text:get_left_motor_count</name>
         <load_address>0x1760</load_address>
         <run_address>0x1760</run_address>
         <size>0xc</size>
         <input_file_ref idref="fl-7"/>
      </object_component>
      <object_component id="oc-11a">
         <name>.text:get_right_motor_count</name>
         <load_address>0x176c</load_address>
         <run_address>0x176c</run_address>
         <size>0xc</size>
         <input_file_ref idref="fl-7"/>
      </object_component>
      <object_component id="oc-a2">
         <name>.text:_system_pre_init</name>
         <load_address>0x1778</load_address>
         <run_address>0x1778</run_address>
         <size>0x4</size>
         <input_file_ref idref="fl-dd"/>
      </object_component>
      <object_component id="oc-142">
         <name>.text:abort:abort</name>
         <load_address>0x177c</load_address>
         <run_address>0x177c</run_address>
         <size>0x4</size>
         <input_file_ref idref="fl-df"/>
      </object_component>
      <object_component id="oc-2af">
         <name>.const:GPIO_PORT_TO_BASE</name>
         <load_address>0x1780</load_address>
         <run_address>0x1780</run_address>
         <size>0x30</size>
         <input_file_ref idref="fl-17"/>
      </object_component>
      <object_component id="oc-239">
         <name>.const:i2cConfig</name>
         <load_address>0x17b0</load_address>
         <run_address>0x17b0</run_address>
         <size>0x14</size>
         <input_file_ref idref="fl-8"/>
      </object_component>
      <object_component id="oc-342">
         <name>.cinit..data.load</name>
         <load_address>0x17c8</load_address>
         <run_address>0x17c8</run_address>
         <size>0x24</size>
      </object_component>
      <object_component id="oc-340">
         <name>__TI_handler_table</name>
         <load_address>0x17ec</load_address>
         <run_address>0x17ec</run_address>
         <size>0xc</size>
      </object_component>
      <object_component id="oc-343">
         <name>.cinit..bss.load</name>
         <load_address>0x17f8</load_address>
         <run_address>0x17f8</run_address>
         <size>0x8</size>
      </object_component>
      <object_component id="oc-341">
         <name>__TI_cinit_table</name>
         <load_address>0x1800</load_address>
         <run_address>0x1800</run_address>
         <size>0x10</size>
      </object_component>
      <object_component id="oc-315">
         <name>.binit</name>
         <load_address>0x0</load_address>
         <run_address>0x0</run_address>
         <size>0x0</size>
      </object_component>
      <object_component id="oc-c2">
         <name>.data</name>
         <load_address>0x20000048</load_address>
         <run_address>0x20000048</run_address>
         <size>0x9</size>
         <input_file_ref idref="fl-2"/>
      </object_component>
      <object_component id="oc-c6">
         <name>.data</name>
         <load_address>0x20000051</load_address>
         <run_address>0x20000051</run_address>
         <size>0x2</size>
         <input_file_ref idref="fl-5"/>
      </object_component>
      <object_component id="oc-1f6">
         <name>.data</name>
         <load_address>0x20000000</load_address>
         <run_address>0x20000000</run_address>
         <size>0x18</size>
         <input_file_ref idref="fl-6"/>
      </object_component>
      <object_component id="oc-cf">
         <name>.data</name>
         <load_address>0x20000054</load_address>
         <run_address>0x20000054</run_address>
         <size>0x8</size>
         <input_file_ref idref="fl-7"/>
      </object_component>
      <object_component id="oc-1cc">
         <name>.data:right_motor_pwm_config</name>
         <load_address>0x20000030</load_address>
         <run_address>0x20000030</run_address>
         <size>0x18</size>
         <input_file_ref idref="fl-a"/>
      </object_component>
      <object_component id="oc-1c8">
         <name>.data:left_motor_pwm_config</name>
         <load_address>0x20000018</load_address>
         <run_address>0x20000018</run_address>
         <size>0x18</size>
         <input_file_ref idref="fl-a"/>
      </object_component>
      <object_component id="oc-12c">
         <name>.common:bump_data</name>
         <uninitialized>true</uninitialized>
         <run_address>0x20000060</run_address>
         <size>0x1</size>
      </object_component>
      <object_component id="oc-12f">
         <name>.common:bump_data0</name>
         <uninitialized>true</uninitialized>
         <run_address>0x20000061</run_address>
         <size>0x1</size>
      </object_component>
      <object_component id="oc-130">
         <name>.common:bump_data1</name>
         <uninitialized>true</uninitialized>
         <run_address>0x20000062</run_address>
         <size>0x1</size>
      </object_component>
      <object_component id="oc-131">
         <name>.common:bump_data2</name>
         <uninitialized>true</uninitialized>
         <run_address>0x20000063</run_address>
         <size>0x1</size>
      </object_component>
      <object_component id="oc-132">
         <name>.common:bump_data3</name>
         <uninitialized>true</uninitialized>
         <run_address>0x20000064</run_address>
         <size>0x1</size>
      </object_component>
      <object_component id="oc-133">
         <name>.common:bump_data4</name>
         <uninitialized>true</uninitialized>
         <run_address>0x20000065</run_address>
         <size>0x1</size>
      </object_component>
      <object_component id="oc-134">
         <name>.common:bump_data5</name>
         <uninitialized>true</uninitialized>
         <run_address>0x20000066</run_address>
         <size>0x1</size>
      </object_component>
      <object_component id="oc-135">
         <name>.common:lux</name>
         <uninitialized>true</uninitialized>
         <run_address>0x2000005c</run_address>
         <size>0x4</size>
      </object_component>
      <object_component id="oc-26">
         <name>.stack</name>
         <uninitialized>true</uninitialized>
         <run_address>0x2000fe00</run_address>
         <size>0x4</size>
         <input_file_ref idref="fl-d9"/>
      </object_component>
      <object_component id="oc-344">
         <name>.stack</name>
         <uninitialized>true</uninitialized>
         <run_address>0x2000fe00</run_address>
         <size>0x0</size>
      </object_component>
      <object_component id="oc-12d">
         <name>.debug_info</name>
         <load_address>0x0</load_address>
         <run_address>0x0</run_address>
         <size>0x9cf</size>
         <input_file_ref idref="fl-2"/>
      </object_component>
      <object_component id="oc-c3">
         <name>.debug_info</name>
         <load_address>0x9cf</load_address>
         <run_address>0x9cf</run_address>
         <size>0xfb</size>
         <input_file_ref idref="fl-2"/>
      </object_component>
      <object_component id="oc-a9">
         <name>.debug_info</name>
         <load_address>0xaca</load_address>
         <run_address>0xaca</run_address>
         <size>0x9dc</size>
         <input_file_ref idref="fl-2"/>
      </object_component>
      <object_component id="oc-eb">
         <name>.debug_info</name>
         <load_address>0x14a6</load_address>
         <run_address>0x14a6</run_address>
         <size>0x20a</size>
         <input_file_ref idref="fl-2"/>
      </object_component>
      <object_component id="oc-72">
         <name>.debug_info</name>
         <load_address>0x16b0</load_address>
         <run_address>0x16b0</run_address>
         <size>0x110</size>
         <input_file_ref idref="fl-2"/>
      </object_component>
      <object_component id="oc-183">
         <name>.debug_info</name>
         <load_address>0x17c0</load_address>
         <run_address>0x17c0</run_address>
         <size>0x129</size>
         <input_file_ref idref="fl-2"/>
      </object_component>
      <object_component id="oc-d5">
         <name>.debug_info</name>
         <load_address>0x18e9</load_address>
         <run_address>0x18e9</run_address>
         <size>0x26b</size>
         <input_file_ref idref="fl-2"/>
      </object_component>
      <object_component id="oc-1eb">
         <name>.debug_info</name>
         <load_address>0x1b54</load_address>
         <run_address>0x1b54</run_address>
         <size>0x1055</size>
         <input_file_ref idref="fl-2"/>
      </object_component>
      <object_component id="oc-1e6">
         <name>.debug_info</name>
         <load_address>0x2ba9</load_address>
         <run_address>0x2ba9</run_address>
         <size>0x37e2</size>
         <input_file_ref idref="fl-2"/>
      </object_component>
      <object_component id="oc-30a">
         <name>.debug_info</name>
         <load_address>0x638b</load_address>
         <run_address>0x638b</run_address>
         <size>0x9a</size>
         <input_file_ref idref="fl-2"/>
      </object_component>
      <object_component id="oc-246">
         <name>.debug_info</name>
         <load_address>0x6425</load_address>
         <run_address>0x6425</run_address>
         <size>0x341</size>
         <input_file_ref idref="fl-2"/>
      </object_component>
      <object_component id="oc-13d">
         <name>.debug_info</name>
         <load_address>0x6766</load_address>
         <run_address>0x6766</run_address>
         <size>0x8b</size>
         <input_file_ref idref="fl-2"/>
      </object_component>
      <object_component id="oc-18a">
         <name>.debug_info</name>
         <load_address>0x67f1</load_address>
         <run_address>0x67f1</run_address>
         <size>0x297</size>
         <input_file_ref idref="fl-2"/>
      </object_component>
      <object_component id="oc-2b3">
         <name>.debug_info</name>
         <load_address>0x6a88</load_address>
         <run_address>0x6a88</run_address>
         <size>0xef</size>
         <input_file_ref idref="fl-2"/>
      </object_component>
      <object_component id="oc-ca">
         <name>.debug_info</name>
         <load_address>0x6b77</load_address>
         <run_address>0x6b77</run_address>
         <size>0xbb</size>
         <input_file_ref idref="fl-2"/>
      </object_component>
      <object_component id="oc-bc">
         <name>.debug_info</name>
         <load_address>0x6c32</load_address>
         <run_address>0x6c32</run_address>
         <size>0x130</size>
         <input_file_ref idref="fl-3"/>
      </object_component>
      <object_component id="oc-2f">
         <name>.debug_info</name>
         <load_address>0x6d62</load_address>
         <run_address>0x6d62</run_address>
         <size>0x84</size>
         <input_file_ref idref="fl-3"/>
      </object_component>
      <object_component id="oc-1a0">
         <name>.debug_info</name>
         <load_address>0x6de6</load_address>
         <run_address>0x6de6</run_address>
         <size>0x143</size>
         <input_file_ref idref="fl-4"/>
      </object_component>
      <object_component id="oc-fd">
         <name>.debug_info</name>
         <load_address>0x6f29</load_address>
         <run_address>0x6f29</run_address>
         <size>0x15d</size>
         <input_file_ref idref="fl-4"/>
      </object_component>
      <object_component id="oc-c7">
         <name>.debug_info</name>
         <load_address>0x7086</load_address>
         <run_address>0x7086</run_address>
         <size>0x138</size>
         <input_file_ref idref="fl-5"/>
      </object_component>
      <object_component id="oc-1b0">
         <name>.debug_info</name>
         <load_address>0x71be</load_address>
         <run_address>0x71be</run_address>
         <size>0x162</size>
         <input_file_ref idref="fl-5"/>
      </object_component>
      <object_component id="oc-10f">
         <name>.debug_info</name>
         <load_address>0x7320</load_address>
         <run_address>0x7320</run_address>
         <size>0x133</size>
         <input_file_ref idref="fl-5"/>
      </object_component>
      <object_component id="oc-109">
         <name>.debug_info</name>
         <load_address>0x7453</load_address>
         <run_address>0x7453</run_address>
         <size>0x133</size>
         <input_file_ref idref="fl-5"/>
      </object_component>
      <object_component id="oc-77">
         <name>.debug_info</name>
         <load_address>0x7586</load_address>
         <run_address>0x7586</run_address>
         <size>0x151</size>
         <input_file_ref idref="fl-5"/>
      </object_component>
      <object_component id="oc-1f7">
         <name>.debug_info</name>
         <load_address>0x76d7</load_address>
         <run_address>0x76d7</run_address>
         <size>0x191</size>
         <input_file_ref idref="fl-6"/>
      </object_component>
      <object_component id="oc-195">
         <name>.debug_info</name>
         <load_address>0x7868</load_address>
         <run_address>0x7868</run_address>
         <size>0x128</size>
         <input_file_ref idref="fl-6"/>
      </object_component>
      <object_component id="oc-1f3">
         <name>.debug_info</name>
         <load_address>0x7990</load_address>
         <run_address>0x7990</run_address>
         <size>0x143</size>
         <input_file_ref idref="fl-6"/>
      </object_component>
      <object_component id="oc-139">
         <name>.debug_info</name>
         <load_address>0x7ad3</load_address>
         <run_address>0x7ad3</run_address>
         <size>0x149</size>
         <input_file_ref idref="fl-6"/>
      </object_component>
      <object_component id="oc-d0">
         <name>.debug_info</name>
         <load_address>0x7c1c</load_address>
         <run_address>0x7c1c</run_address>
         <size>0x123</size>
         <input_file_ref idref="fl-7"/>
      </object_component>
      <object_component id="oc-1aa">
         <name>.debug_info</name>
         <load_address>0x7d3f</load_address>
         <run_address>0x7d3f</run_address>
         <size>0x17c</size>
         <input_file_ref idref="fl-7"/>
      </object_component>
      <object_component id="oc-117">
         <name>.debug_info</name>
         <load_address>0x7ebb</load_address>
         <run_address>0x7ebb</run_address>
         <size>0x13c</size>
         <input_file_ref idref="fl-7"/>
      </object_component>
      <object_component id="oc-11c">
         <name>.debug_info</name>
         <load_address>0x7ff7</load_address>
         <run_address>0x7ff7</run_address>
         <size>0x13e</size>
         <input_file_ref idref="fl-7"/>
      </object_component>
      <object_component id="oc-7e">
         <name>.debug_info</name>
         <load_address>0x8135</load_address>
         <run_address>0x8135</run_address>
         <size>0x170</size>
         <input_file_ref idref="fl-7"/>
      </object_component>
      <object_component id="oc-2c3">
         <name>.debug_info</name>
         <load_address>0x82a5</load_address>
         <run_address>0x82a5</run_address>
         <size>0x9a9</size>
         <input_file_ref idref="fl-8"/>
      </object_component>
      <object_component id="oc-23a">
         <name>.debug_info</name>
         <load_address>0x8c4e</load_address>
         <run_address>0x8c4e</run_address>
         <size>0xe2</size>
         <input_file_ref idref="fl-8"/>
      </object_component>
      <object_component id="oc-1b8">
         <name>.debug_info</name>
         <load_address>0x8d30</load_address>
         <run_address>0x8d30</run_address>
         <size>0x18e</size>
         <input_file_ref idref="fl-8"/>
      </object_component>
      <object_component id="oc-1be">
         <name>.debug_info</name>
         <load_address>0x8ebe</load_address>
         <run_address>0x8ebe</run_address>
         <size>0x164</size>
         <input_file_ref idref="fl-8"/>
      </object_component>
      <object_component id="oc-1da">
         <name>.debug_info</name>
         <load_address>0x9022</load_address>
         <run_address>0x9022</run_address>
         <size>0x2d5</size>
         <input_file_ref idref="fl-8"/>
      </object_component>
      <object_component id="oc-23f">
         <name>.debug_info</name>
         <load_address>0x92f7</load_address>
         <run_address>0x92f7</run_address>
         <size>0x238</size>
         <input_file_ref idref="fl-8"/>
      </object_component>
      <object_component id="oc-1d4">
         <name>.debug_info</name>
         <load_address>0x952f</load_address>
         <run_address>0x952f</run_address>
         <size>0x192</size>
         <input_file_ref idref="fl-8"/>
      </object_component>
      <object_component id="oc-1c2">
         <name>.debug_info</name>
         <load_address>0x96c1</load_address>
         <run_address>0x96c1</run_address>
         <size>0x159</size>
         <input_file_ref idref="fl-9"/>
      </object_component>
      <object_component id="oc-103">
         <name>.debug_info</name>
         <load_address>0x981a</load_address>
         <run_address>0x981a</run_address>
         <size>0x1a0</size>
         <input_file_ref idref="fl-9"/>
      </object_component>
      <object_component id="oc-1cd">
         <name>.debug_info</name>
         <load_address>0x99ba</load_address>
         <run_address>0x99ba</run_address>
         <size>0xfa</size>
         <input_file_ref idref="fl-a"/>
      </object_component>
      <object_component id="oc-1c9">
         <name>.debug_info</name>
         <load_address>0x9ab4</load_address>
         <run_address>0x9ab4</run_address>
         <size>0xf8</size>
         <input_file_ref idref="fl-a"/>
      </object_component>
      <object_component id="oc-1a5">
         <name>.debug_info</name>
         <load_address>0x9bac</load_address>
         <run_address>0x9bac</run_address>
         <size>0x190</size>
         <input_file_ref idref="fl-a"/>
      </object_component>
      <object_component id="oc-f2">
         <name>.debug_info</name>
         <load_address>0x9d3c</load_address>
         <run_address>0x9d3c</run_address>
         <size>0x181</size>
         <input_file_ref idref="fl-a"/>
      </object_component>
      <object_component id="oc-f8">
         <name>.debug_info</name>
         <load_address>0x9ebd</load_address>
         <run_address>0x9ebd</run_address>
         <size>0x183</size>
         <input_file_ref idref="fl-a"/>
      </object_component>
      <object_component id="oc-122">
         <name>.debug_info</name>
         <load_address>0xa040</load_address>
         <run_address>0xa040</run_address>
         <size>0x167</size>
         <input_file_ref idref="fl-a"/>
      </object_component>
      <object_component id="oc-127">
         <name>.debug_info</name>
         <load_address>0xa1a7</load_address>
         <run_address>0xa1a7</run_address>
         <size>0x169</size>
         <input_file_ref idref="fl-a"/>
      </object_component>
      <object_component id="oc-198">
         <name>.debug_info</name>
         <load_address>0xa310</load_address>
         <run_address>0xa310</run_address>
         <size>0x13c</size>
         <input_file_ref idref="fl-b"/>
      </object_component>
      <object_component id="oc-84">
         <name>.debug_info</name>
         <load_address>0xa44c</load_address>
         <run_address>0xa44c</run_address>
         <size>0x2d0</size>
         <input_file_ref idref="fl-c"/>
      </object_component>
      <object_component id="oc-24">
         <name>.debug_info</name>
         <load_address>0xa71c</load_address>
         <run_address>0xa71c</run_address>
         <size>0xfc</size>
         <input_file_ref idref="fl-c"/>
      </object_component>
      <object_component id="oc-65">
         <name>.debug_info</name>
         <load_address>0xa818</load_address>
         <run_address>0xa818</run_address>
         <size>0x15f</size>
         <input_file_ref idref="fl-c"/>
      </object_component>
      <object_component id="oc-6e">
         <name>.debug_info</name>
         <load_address>0xa977</load_address>
         <run_address>0xa977</run_address>
         <size>0x147</size>
         <input_file_ref idref="fl-c"/>
      </object_component>
      <object_component id="oc-2ec">
         <name>.debug_info</name>
         <load_address>0xaabe</load_address>
         <run_address>0xaabe</run_address>
         <size>0x6fd</size>
         <input_file_ref idref="fl-17"/>
      </object_component>
      <object_component id="oc-2b0">
         <name>.debug_info</name>
         <load_address>0xb1bb</load_address>
         <run_address>0xb1bb</run_address>
         <size>0x131</size>
         <input_file_ref idref="fl-17"/>
      </object_component>
      <object_component id="oc-223">
         <name>.debug_info</name>
         <load_address>0xb2ec</load_address>
         <run_address>0xb2ec</run_address>
         <size>0x2a1</size>
         <input_file_ref idref="fl-17"/>
      </object_component>
      <object_component id="oc-303">
         <name>.debug_info</name>
         <load_address>0xb58d</load_address>
         <run_address>0xb58d</run_address>
         <size>0x26b</size>
         <input_file_ref idref="fl-17"/>
      </object_component>
      <object_component id="oc-2fe">
         <name>.debug_info</name>
         <load_address>0xb7f8</load_address>
         <run_address>0xb7f8</run_address>
         <size>0x1055</size>
         <input_file_ref idref="fl-17"/>
      </object_component>
      <object_component id="oc-2f9">
         <name>.debug_info</name>
         <load_address>0xc84d</load_address>
         <run_address>0xc84d</run_address>
         <size>0x431a</size>
         <input_file_ref idref="fl-17"/>
      </object_component>
      <object_component id="oc-2ed">
         <name>.debug_info</name>
         <load_address>0x10b67</load_address>
         <run_address>0x10b67</run_address>
         <size>0x297</size>
         <input_file_ref idref="fl-17"/>
      </object_component>
      <object_component id="oc-2b8">
         <name>.debug_info</name>
         <load_address>0x10dfe</load_address>
         <run_address>0x10dfe</run_address>
         <size>0xbb</size>
         <input_file_ref idref="fl-17"/>
      </object_component>
      <object_component id="oc-2be">
         <name>.debug_info</name>
         <load_address>0x10eb9</load_address>
         <run_address>0x10eb9</run_address>
         <size>0x6ec</size>
         <input_file_ref idref="fl-18"/>
      </object_component>
      <object_component id="oc-22b">
         <name>.debug_info</name>
         <load_address>0x115a5</load_address>
         <run_address>0x115a5</run_address>
         <size>0x237</size>
         <input_file_ref idref="fl-18"/>
      </object_component>
      <object_component id="oc-237">
         <name>.debug_info</name>
         <load_address>0x117dc</load_address>
         <run_address>0x117dc</run_address>
         <size>0x1ea</size>
         <input_file_ref idref="fl-18"/>
      </object_component>
      <object_component id="oc-231">
         <name>.debug_info</name>
         <load_address>0x119c6</load_address>
         <run_address>0x119c6</run_address>
         <size>0x1ec</size>
         <input_file_ref idref="fl-18"/>
      </object_component>
      <object_component id="oc-251">
         <name>.debug_info</name>
         <load_address>0x11bb2</load_address>
         <run_address>0x11bb2</run_address>
         <size>0x233</size>
         <input_file_ref idref="fl-18"/>
      </object_component>
      <object_component id="oc-25e">
         <name>.debug_info</name>
         <load_address>0x11de5</load_address>
         <run_address>0x11de5</run_address>
         <size>0x203</size>
         <input_file_ref idref="fl-18"/>
      </object_component>
      <object_component id="oc-264">
         <name>.debug_info</name>
         <load_address>0x11fe8</load_address>
         <run_address>0x11fe8</run_address>
         <size>0x1e8</size>
         <input_file_ref idref="fl-18"/>
      </object_component>
      <object_component id="oc-26a">
         <name>.debug_info</name>
         <load_address>0x121d0</load_address>
         <run_address>0x121d0</run_address>
         <size>0x24e</size>
         <input_file_ref idref="fl-18"/>
      </object_component>
      <object_component id="oc-2c8">
         <name>.debug_info</name>
         <load_address>0x1241e</load_address>
         <run_address>0x1241e</run_address>
         <size>0x22e</size>
         <input_file_ref idref="fl-18"/>
      </object_component>
      <object_component id="oc-2ce">
         <name>.debug_info</name>
         <load_address>0x1264c</load_address>
         <run_address>0x1264c</run_address>
         <size>0x236</size>
         <input_file_ref idref="fl-18"/>
      </object_component>
      <object_component id="oc-276">
         <name>.debug_info</name>
         <load_address>0x12882</load_address>
         <run_address>0x12882</run_address>
         <size>0x203</size>
         <input_file_ref idref="fl-18"/>
      </object_component>
      <object_component id="oc-27c">
         <name>.debug_info</name>
         <load_address>0x12a85</load_address>
         <run_address>0x12a85</run_address>
         <size>0x1f9</size>
         <input_file_ref idref="fl-18"/>
      </object_component>
      <object_component id="oc-282">
         <name>.debug_info</name>
         <load_address>0x12c7e</load_address>
         <run_address>0x12c7e</run_address>
         <size>0x20d</size>
         <input_file_ref idref="fl-18"/>
      </object_component>
      <object_component id="oc-288">
         <name>.debug_info</name>
         <load_address>0x12e8b</load_address>
         <run_address>0x12e8b</run_address>
         <size>0x211</size>
         <input_file_ref idref="fl-18"/>
      </object_component>
      <object_component id="oc-257">
         <name>.debug_info</name>
         <load_address>0x1309c</load_address>
         <run_address>0x1309c</run_address>
         <size>0x21c</size>
         <input_file_ref idref="fl-18"/>
      </object_component>
      <object_component id="oc-270">
         <name>.debug_info</name>
         <load_address>0x132b8</load_address>
         <run_address>0x132b8</run_address>
         <size>0x220</size>
         <input_file_ref idref="fl-18"/>
      </object_component>
      <object_component id="oc-2f4">
         <name>.debug_info</name>
         <load_address>0x134d8</load_address>
         <run_address>0x134d8</run_address>
         <size>0x9a</size>
         <input_file_ref idref="fl-18"/>
      </object_component>
      <object_component id="oc-9b">
         <name>.debug_info</name>
         <load_address>0x13572</load_address>
         <run_address>0x13572</run_address>
         <size>0x2d5</size>
         <input_file_ref idref="fl-d6"/>
      </object_component>
      <object_component id="oc-42">
         <name>.debug_info</name>
         <load_address>0x13847</load_address>
         <run_address>0x13847</run_address>
         <size>0x1d3</size>
         <input_file_ref idref="fl-d6"/>
      </object_component>
      <object_component id="oc-96">
         <name>.debug_info</name>
         <load_address>0x13a1a</load_address>
         <run_address>0x13a1a</run_address>
         <size>0x46</size>
         <input_file_ref idref="fl-d6"/>
      </object_component>
      <object_component id="oc-e1">
         <name>.debug_info</name>
         <load_address>0x13a60</load_address>
         <run_address>0x13a60</run_address>
         <size>0x2c</size>
         <input_file_ref idref="fl-d6"/>
      </object_component>
      <object_component id="oc-3f">
         <name>.debug_info</name>
         <load_address>0x13a8c</load_address>
         <run_address>0x13a8c</run_address>
         <size>0x2a9</size>
         <input_file_ref idref="fl-d7"/>
      </object_component>
      <object_component id="oc-1b">
         <name>.debug_info</name>
         <load_address>0x13d35</load_address>
         <run_address>0x13d35</run_address>
         <size>0x1eb</size>
         <input_file_ref idref="fl-d7"/>
      </object_component>
      <object_component id="oc-3a">
         <name>.debug_info</name>
         <load_address>0x13f20</load_address>
         <run_address>0x13f20</run_address>
         <size>0x46</size>
         <input_file_ref idref="fl-d7"/>
      </object_component>
      <object_component id="oc-8e">
         <name>.debug_info</name>
         <load_address>0x13f66</load_address>
         <run_address>0x13f66</run_address>
         <size>0x2c</size>
         <input_file_ref idref="fl-d7"/>
      </object_component>
      <object_component id="oc-8c">
         <name>.debug_info</name>
         <load_address>0x13f92</load_address>
         <run_address>0x13f92</run_address>
         <size>0x29f</size>
         <input_file_ref idref="fl-d8"/>
      </object_component>
      <object_component id="oc-17">
         <name>.debug_info</name>
         <load_address>0x14231</load_address>
         <run_address>0x14231</run_address>
         <size>0x251</size>
         <input_file_ref idref="fl-d8"/>
      </object_component>
      <object_component id="oc-2a">
         <name>.debug_info</name>
         <load_address>0x14482</load_address>
         <run_address>0x14482</run_address>
         <size>0x60</size>
         <input_file_ref idref="fl-d8"/>
      </object_component>
      <object_component id="oc-da">
         <name>.debug_info</name>
         <load_address>0x144e2</load_address>
         <run_address>0x144e2</run_address>
         <size>0x46</size>
         <input_file_ref idref="fl-d8"/>
      </object_component>
      <object_component id="oc-87">
         <name>.debug_info</name>
         <load_address>0x14528</load_address>
         <run_address>0x14528</run_address>
         <size>0x39</size>
         <input_file_ref idref="fl-d8"/>
      </object_component>
      <object_component id="oc-27">
         <name>.debug_info</name>
         <load_address>0x14561</load_address>
         <run_address>0x14561</run_address>
         <size>0x10c</size>
         <input_file_ref idref="fl-d9"/>
      </object_component>
      <object_component id="oc-55">
         <name>.debug_info</name>
         <load_address>0x1466d</load_address>
         <run_address>0x1466d</run_address>
         <size>0x1aa</size>
         <input_file_ref idref="fl-d9"/>
      </object_component>
      <object_component id="oc-37">
         <name>.debug_info</name>
         <load_address>0x14817</load_address>
         <run_address>0x14817</run_address>
         <size>0x11a</size>
         <input_file_ref idref="fl-db"/>
      </object_component>
      <object_component id="oc-205">
         <name>.debug_info</name>
         <load_address>0x14931</load_address>
         <run_address>0x14931</run_address>
         <size>0x4b4</size>
         <input_file_ref idref="fl-dc"/>
      </object_component>
      <object_component id="oc-150">
         <name>.debug_info</name>
         <load_address>0x14de5</load_address>
         <run_address>0x14de5</run_address>
         <size>0x1a7</size>
         <input_file_ref idref="fl-dc"/>
      </object_component>
      <object_component id="oc-29e">
         <name>.debug_info</name>
         <load_address>0x14f8c</load_address>
         <run_address>0x14f8c</run_address>
         <size>0x39</size>
         <input_file_ref idref="fl-dc"/>
      </object_component>
      <object_component id="oc-2de">
         <name>.debug_info</name>
         <load_address>0x14fc5</load_address>
         <run_address>0x14fc5</run_address>
         <size>0x39</size>
         <input_file_ref idref="fl-dc"/>
      </object_component>
      <object_component id="oc-2a3">
         <name>.debug_info</name>
         <load_address>0x14ffe</load_address>
         <run_address>0x14ffe</run_address>
         <size>0x39</size>
         <input_file_ref idref="fl-dc"/>
      </object_component>
      <object_component id="oc-2a8">
         <name>.debug_info</name>
         <load_address>0x15037</load_address>
         <run_address>0x15037</run_address>
         <size>0xcd</size>
         <input_file_ref idref="fl-dc"/>
      </object_component>
      <object_component id="oc-a3">
         <name>.debug_info</name>
         <load_address>0x15104</load_address>
         <run_address>0x15104</run_address>
         <size>0x154</size>
         <input_file_ref idref="fl-dd"/>
      </object_component>
      <object_component id="oc-144">
         <name>.debug_info</name>
         <load_address>0x15258</load_address>
         <run_address>0x15258</run_address>
         <size>0x123</size>
         <input_file_ref idref="fl-df"/>
      </object_component>
      <object_component id="oc-345">
         <name>.debug_info</name>
         <load_address>0x1537b</load_address>
         <run_address>0x1537b</run_address>
         <size>0xa4</size>
      </object_component>
      <object_component id="oc-1e5">
         <name>.debug_line</name>
         <load_address>0x0</load_address>
         <run_address>0x0</run_address>
         <size>0xd1</size>
         <input_file_ref idref="fl-2"/>
      </object_component>
      <object_component id="oc-182">
         <name>.debug_line</name>
         <load_address>0xd1</load_address>
         <run_address>0xd1</run_address>
         <size>0x2d</size>
         <input_file_ref idref="fl-2"/>
      </object_component>
      <object_component id="oc-ac">
         <name>.debug_line</name>
         <load_address>0xfe</load_address>
         <run_address>0xfe</run_address>
         <size>0x1cf</size>
         <input_file_ref idref="fl-2"/>
      </object_component>
      <object_component id="oc-ee">
         <name>.debug_line</name>
         <load_address>0x2cd</load_address>
         <run_address>0x2cd</run_address>
         <size>0x58</size>
         <input_file_ref idref="fl-2"/>
      </object_component>
      <object_component id="oc-71">
         <name>.debug_line</name>
         <load_address>0x325</load_address>
         <run_address>0x325</run_address>
         <size>0x45</size>
         <input_file_ref idref="fl-2"/>
      </object_component>
      <object_component id="oc-186">
         <name>.debug_line</name>
         <load_address>0x36a</load_address>
         <run_address>0x36a</run_address>
         <size>0x2d</size>
         <input_file_ref idref="fl-2"/>
      </object_component>
      <object_component id="oc-d8">
         <name>.debug_line</name>
         <load_address>0x397</load_address>
         <run_address>0x397</run_address>
         <size>0x6f</size>
         <input_file_ref idref="fl-2"/>
      </object_component>
      <object_component id="oc-1ee">
         <name>.debug_line</name>
         <load_address>0x406</load_address>
         <run_address>0x406</run_address>
         <size>0x78</size>
         <input_file_ref idref="fl-2"/>
      </object_component>
      <object_component id="oc-1e9">
         <name>.debug_line</name>
         <load_address>0x47e</load_address>
         <run_address>0x47e</run_address>
         <size>0x7b</size>
         <input_file_ref idref="fl-2"/>
      </object_component>
      <object_component id="oc-30d">
         <name>.debug_line</name>
         <load_address>0x4f9</load_address>
         <run_address>0x4f9</run_address>
         <size>0x79</size>
         <input_file_ref idref="fl-2"/>
      </object_component>
      <object_component id="oc-249">
         <name>.debug_line</name>
         <load_address>0x572</load_address>
         <run_address>0x572</run_address>
         <size>0x7d</size>
         <input_file_ref idref="fl-2"/>
      </object_component>
      <object_component id="oc-140">
         <name>.debug_line</name>
         <load_address>0x5ef</load_address>
         <run_address>0x5ef</run_address>
         <size>0x20</size>
         <input_file_ref idref="fl-2"/>
      </object_component>
      <object_component id="oc-18d">
         <name>.debug_line</name>
         <load_address>0x60f</load_address>
         <run_address>0x60f</run_address>
         <size>0x73</size>
         <input_file_ref idref="fl-2"/>
      </object_component>
      <object_component id="oc-2b6">
         <name>.debug_line</name>
         <load_address>0x682</load_address>
         <run_address>0x682</run_address>
         <size>0x6f</size>
         <input_file_ref idref="fl-2"/>
      </object_component>
      <object_component id="oc-cd">
         <name>.debug_line</name>
         <load_address>0x6f1</load_address>
         <run_address>0x6f1</run_address>
         <size>0x70</size>
         <input_file_ref idref="fl-2"/>
      </object_component>
      <object_component id="oc-bb">
         <name>.debug_line</name>
         <load_address>0x761</load_address>
         <run_address>0x761</run_address>
         <size>0x66</size>
         <input_file_ref idref="fl-3"/>
      </object_component>
      <object_component id="oc-32">
         <name>.debug_line</name>
         <load_address>0x7c7</load_address>
         <run_address>0x7c7</run_address>
         <size>0x20</size>
         <input_file_ref idref="fl-3"/>
      </object_component>
      <object_component id="oc-19e">
         <name>.debug_line</name>
         <load_address>0x7e7</load_address>
         <run_address>0x7e7</run_address>
         <size>0x51</size>
         <input_file_ref idref="fl-4"/>
      </object_component>
      <object_component id="oc-100">
         <name>.debug_line</name>
         <load_address>0x838</load_address>
         <run_address>0x838</run_address>
         <size>0x56</size>
         <input_file_ref idref="fl-4"/>
      </object_component>
      <object_component id="oc-189">
         <name>.debug_line</name>
         <load_address>0x88e</load_address>
         <run_address>0x88e</run_address>
         <size>0x37</size>
         <input_file_ref idref="fl-5"/>
      </object_component>
      <object_component id="oc-1b4">
         <name>.debug_line</name>
         <load_address>0x8c5</load_address>
         <run_address>0x8c5</run_address>
         <size>0x54</size>
         <input_file_ref idref="fl-5"/>
      </object_component>
      <object_component id="oc-112">
         <name>.debug_line</name>
         <load_address>0x919</load_address>
         <run_address>0x919</run_address>
         <size>0x53</size>
         <input_file_ref idref="fl-5"/>
      </object_component>
      <object_component id="oc-10c">
         <name>.debug_line</name>
         <load_address>0x96c</load_address>
         <run_address>0x96c</run_address>
         <size>0x53</size>
         <input_file_ref idref="fl-5"/>
      </object_component>
      <object_component id="oc-7b">
         <name>.debug_line</name>
         <load_address>0x9bf</load_address>
         <run_address>0x9bf</run_address>
         <size>0x5c</size>
         <input_file_ref idref="fl-5"/>
      </object_component>
      <object_component id="oc-28d">
         <name>.debug_line</name>
         <load_address>0xa1b</load_address>
         <run_address>0xa1b</run_address>
         <size>0x36</size>
         <input_file_ref idref="fl-6"/>
      </object_component>
      <object_component id="oc-194">
         <name>.debug_line</name>
         <load_address>0xa51</load_address>
         <run_address>0xa51</run_address>
         <size>0x89</size>
         <input_file_ref idref="fl-6"/>
      </object_component>
      <object_component id="oc-1f5">
         <name>.debug_line</name>
         <load_address>0xada</load_address>
         <run_address>0xada</run_address>
         <size>0x4e</size>
         <input_file_ref idref="fl-6"/>
      </object_component>
      <object_component id="oc-13b">
         <name>.debug_line</name>
         <load_address>0xb28</load_address>
         <run_address>0xb28</run_address>
         <size>0x55</size>
         <input_file_ref idref="fl-6"/>
      </object_component>
      <object_component id="oc-190">
         <name>.debug_line</name>
         <load_address>0xb7d</load_address>
         <run_address>0xb7d</run_address>
         <size>0x38</size>
         <input_file_ref idref="fl-7"/>
      </object_component>
      <object_component id="oc-1ad">
         <name>.debug_line</name>
         <load_address>0xbb5</load_address>
         <run_address>0xbb5</run_address>
         <size>0x5a</size>
         <input_file_ref idref="fl-7"/>
      </object_component>
      <object_component id="oc-116">
         <name>.debug_line</name>
         <load_address>0xc0f</load_address>
         <run_address>0xc0f</run_address>
         <size>0x4d</size>
         <input_file_ref idref="fl-7"/>
      </object_component>
      <object_component id="oc-11f">
         <name>.debug_line</name>
         <load_address>0xc5c</load_address>
         <run_address>0xc5c</run_address>
         <size>0x4d</size>
         <input_file_ref idref="fl-7"/>
      </object_component>
      <object_component id="oc-81">
         <name>.debug_line</name>
         <load_address>0xca9</load_address>
         <run_address>0xca9</run_address>
         <size>0x68</size>
         <input_file_ref idref="fl-7"/>
      </object_component>
      <object_component id="oc-309">
         <name>.debug_line</name>
         <load_address>0xd11</load_address>
         <run_address>0xd11</run_address>
         <size>0xd3</size>
         <input_file_ref idref="fl-8"/>
      </object_component>
      <object_component id="oc-2c2">
         <name>.debug_line</name>
         <load_address>0xde4</load_address>
         <run_address>0xde4</run_address>
         <size>0x38</size>
         <input_file_ref idref="fl-8"/>
      </object_component>
      <object_component id="oc-1b6">
         <name>.debug_line</name>
         <load_address>0xe1c</load_address>
         <run_address>0xe1c</run_address>
         <size>0x50</size>
         <input_file_ref idref="fl-8"/>
      </object_component>
      <object_component id="oc-1bd">
         <name>.debug_line</name>
         <load_address>0xe6c</load_address>
         <run_address>0xe6c</run_address>
         <size>0x53</size>
         <input_file_ref idref="fl-8"/>
      </object_component>
      <object_component id="oc-1d9">
         <name>.debug_line</name>
         <load_address>0xebf</load_address>
         <run_address>0xebf</run_address>
         <size>0x72</size>
         <input_file_ref idref="fl-8"/>
      </object_component>
      <object_component id="oc-242">
         <name>.debug_line</name>
         <load_address>0xf31</load_address>
         <run_address>0xf31</run_address>
         <size>0x55</size>
         <input_file_ref idref="fl-8"/>
      </object_component>
      <object_component id="oc-1d2">
         <name>.debug_line</name>
         <load_address>0xf86</load_address>
         <run_address>0xf86</run_address>
         <size>0x52</size>
         <input_file_ref idref="fl-8"/>
      </object_component>
      <object_component id="oc-1c5">
         <name>.debug_line</name>
         <load_address>0xfd8</load_address>
         <run_address>0xfd8</run_address>
         <size>0x54</size>
         <input_file_ref idref="fl-9"/>
      </object_component>
      <object_component id="oc-106">
         <name>.debug_line</name>
         <load_address>0x102c</load_address>
         <run_address>0x102c</run_address>
         <size>0x84</size>
         <input_file_ref idref="fl-9"/>
      </object_component>
      <object_component id="oc-24c">
         <name>.debug_line</name>
         <load_address>0x10b0</load_address>
         <run_address>0x10b0</run_address>
         <size>0x36</size>
         <input_file_ref idref="fl-a"/>
      </object_component>
      <object_component id="oc-245">
         <name>.debug_line</name>
         <load_address>0x10e6</load_address>
         <run_address>0x10e6</run_address>
         <size>0x36</size>
         <input_file_ref idref="fl-a"/>
      </object_component>
      <object_component id="oc-1a4">
         <name>.debug_line</name>
         <load_address>0x111c</load_address>
         <run_address>0x111c</run_address>
         <size>0x57</size>
         <input_file_ref idref="fl-a"/>
      </object_component>
      <object_component id="oc-f1">
         <name>.debug_line</name>
         <load_address>0x1173</load_address>
         <run_address>0x1173</run_address>
         <size>0x5c</size>
         <input_file_ref idref="fl-a"/>
      </object_component>
      <object_component id="oc-f7">
         <name>.debug_line</name>
         <load_address>0x11cf</load_address>
         <run_address>0x11cf</run_address>
         <size>0x5c</size>
         <input_file_ref idref="fl-a"/>
      </object_component>
      <object_component id="oc-121">
         <name>.debug_line</name>
         <load_address>0x122b</load_address>
         <run_address>0x122b</run_address>
         <size>0x52</size>
         <input_file_ref idref="fl-a"/>
      </object_component>
      <object_component id="oc-12a">
         <name>.debug_line</name>
         <load_address>0x127d</load_address>
         <run_address>0x127d</run_address>
         <size>0x52</size>
         <input_file_ref idref="fl-a"/>
      </object_component>
      <object_component id="oc-19c">
         <name>.debug_line</name>
         <load_address>0x12cf</load_address>
         <run_address>0x12cf</run_address>
         <size>0x59</size>
         <input_file_ref idref="fl-b"/>
      </object_component>
      <object_component id="oc-d4">
         <name>.debug_line</name>
         <load_address>0x1328</load_address>
         <run_address>0x1328</run_address>
         <size>0x44</size>
         <input_file_ref idref="fl-c"/>
      </object_component>
      <object_component id="oc-83">
         <name>.debug_line</name>
         <load_address>0x136c</load_address>
         <run_address>0x136c</run_address>
         <size>0x44</size>
         <input_file_ref idref="fl-c"/>
      </object_component>
      <object_component id="oc-69">
         <name>.debug_line</name>
         <load_address>0x13b0</load_address>
         <run_address>0x13b0</run_address>
         <size>0x5d</size>
         <input_file_ref idref="fl-c"/>
      </object_component>
      <object_component id="oc-6b">
         <name>.debug_line</name>
         <load_address>0x140d</load_address>
         <run_address>0x140d</run_address>
         <size>0x59</size>
         <input_file_ref idref="fl-c"/>
      </object_component>
      <object_component id="oc-312">
         <name>.debug_line</name>
         <load_address>0x1466</load_address>
         <run_address>0x1466</run_address>
         <size>0x56</size>
         <input_file_ref idref="fl-17"/>
      </object_component>
      <object_component id="oc-2eb">
         <name>.debug_line</name>
         <load_address>0x14bc</load_address>
         <run_address>0x14bc</run_address>
         <size>0x51</size>
         <input_file_ref idref="fl-17"/>
      </object_component>
      <object_component id="oc-225">
         <name>.debug_line</name>
         <load_address>0x150d</load_address>
         <run_address>0x150d</run_address>
         <size>0x78</size>
         <input_file_ref idref="fl-17"/>
      </object_component>
      <object_component id="oc-306">
         <name>.debug_line</name>
         <load_address>0x1585</load_address>
         <run_address>0x1585</run_address>
         <size>0x51</size>
         <input_file_ref idref="fl-17"/>
      </object_component>
      <object_component id="oc-301">
         <name>.debug_line</name>
         <load_address>0x15d6</load_address>
         <run_address>0x15d6</run_address>
         <size>0x4f</size>
         <input_file_ref idref="fl-17"/>
      </object_component>
      <object_component id="oc-2fc">
         <name>.debug_line</name>
         <load_address>0x1625</load_address>
         <run_address>0x1625</run_address>
         <size>0x51</size>
         <input_file_ref idref="fl-17"/>
      </object_component>
      <object_component id="oc-2f0">
         <name>.debug_line</name>
         <load_address>0x1676</load_address>
         <run_address>0x1676</run_address>
         <size>0x55</size>
         <input_file_ref idref="fl-17"/>
      </object_component>
      <object_component id="oc-2bb">
         <name>.debug_line</name>
         <load_address>0x16cb</load_address>
         <run_address>0x16cb</run_address>
         <size>0x52</size>
         <input_file_ref idref="fl-17"/>
      </object_component>
      <object_component id="oc-2f3">
         <name>.debug_line</name>
         <load_address>0x171d</load_address>
         <run_address>0x171d</run_address>
         <size>0x56</size>
         <input_file_ref idref="fl-18"/>
      </object_component>
      <object_component id="oc-22a">
         <name>.debug_line</name>
         <load_address>0x1773</load_address>
         <run_address>0x1773</run_address>
         <size>0x70</size>
         <input_file_ref idref="fl-18"/>
      </object_component>
      <object_component id="oc-236">
         <name>.debug_line</name>
         <load_address>0x17e3</load_address>
         <run_address>0x17e3</run_address>
         <size>0x68</size>
         <input_file_ref idref="fl-18"/>
      </object_component>
      <object_component id="oc-230">
         <name>.debug_line</name>
         <load_address>0x184b</load_address>
         <run_address>0x184b</run_address>
         <size>0x68</size>
         <input_file_ref idref="fl-18"/>
      </object_component>
      <object_component id="oc-250">
         <name>.debug_line</name>
         <load_address>0x18b3</load_address>
         <run_address>0x18b3</run_address>
         <size>0x68</size>
         <input_file_ref idref="fl-18"/>
      </object_component>
      <object_component id="oc-25d">
         <name>.debug_line</name>
         <load_address>0x191b</load_address>
         <run_address>0x191b</run_address>
         <size>0x68</size>
         <input_file_ref idref="fl-18"/>
      </object_component>
      <object_component id="oc-263">
         <name>.debug_line</name>
         <load_address>0x1983</load_address>
         <run_address>0x1983</run_address>
         <size>0x68</size>
         <input_file_ref idref="fl-18"/>
      </object_component>
      <object_component id="oc-269">
         <name>.debug_line</name>
         <load_address>0x19eb</load_address>
         <run_address>0x19eb</run_address>
         <size>0x74</size>
         <input_file_ref idref="fl-18"/>
      </object_component>
      <object_component id="oc-2c7">
         <name>.debug_line</name>
         <load_address>0x1a5f</load_address>
         <run_address>0x1a5f</run_address>
         <size>0x71</size>
         <input_file_ref idref="fl-18"/>
      </object_component>
      <object_component id="oc-2cd">
         <name>.debug_line</name>
         <load_address>0x1ad0</load_address>
         <run_address>0x1ad0</run_address>
         <size>0x7f</size>
         <input_file_ref idref="fl-18"/>
      </object_component>
      <object_component id="oc-275">
         <name>.debug_line</name>
         <load_address>0x1b4f</load_address>
         <run_address>0x1b4f</run_address>
         <size>0x71</size>
         <input_file_ref idref="fl-18"/>
      </object_component>
      <object_component id="oc-27b">
         <name>.debug_line</name>
         <load_address>0x1bc0</load_address>
         <run_address>0x1bc0</run_address>
         <size>0x68</size>
         <input_file_ref idref="fl-18"/>
      </object_component>
      <object_component id="oc-281">
         <name>.debug_line</name>
         <load_address>0x1c28</load_address>
         <run_address>0x1c28</run_address>
         <size>0x68</size>
         <input_file_ref idref="fl-18"/>
      </object_component>
      <object_component id="oc-287">
         <name>.debug_line</name>
         <load_address>0x1c90</load_address>
         <run_address>0x1c90</run_address>
         <size>0x70</size>
         <input_file_ref idref="fl-18"/>
      </object_component>
      <object_component id="oc-255">
         <name>.debug_line</name>
         <load_address>0x1d00</load_address>
         <run_address>0x1d00</run_address>
         <size>0x68</size>
         <input_file_ref idref="fl-18"/>
      </object_component>
      <object_component id="oc-26e">
         <name>.debug_line</name>
         <load_address>0x1d68</load_address>
         <run_address>0x1d68</run_address>
         <size>0x68</size>
         <input_file_ref idref="fl-18"/>
      </object_component>
      <object_component id="oc-2f7">
         <name>.debug_line</name>
         <load_address>0x1dd0</load_address>
         <run_address>0x1dd0</run_address>
         <size>0x50</size>
         <input_file_ref idref="fl-18"/>
      </object_component>
      <object_component id="oc-e7">
         <name>.debug_line</name>
         <load_address>0x1e20</load_address>
         <run_address>0x1e20</run_address>
         <size>0x92</size>
         <input_file_ref idref="fl-d6"/>
      </object_component>
      <object_component id="oc-45">
         <name>.debug_line</name>
         <load_address>0x1eb2</load_address>
         <run_address>0x1eb2</run_address>
         <size>0x56</size>
         <input_file_ref idref="fl-d6"/>
      </object_component>
      <object_component id="oc-99">
         <name>.debug_line</name>
         <load_address>0x1f08</load_address>
         <run_address>0x1f08</run_address>
         <size>0x34</size>
         <input_file_ref idref="fl-d6"/>
      </object_component>
      <object_component id="oc-e4">
         <name>.debug_line</name>
         <load_address>0x1f3c</load_address>
         <run_address>0x1f3c</run_address>
         <size>0x92</size>
         <input_file_ref idref="fl-d6"/>
      </object_component>
      <object_component id="oc-94">
         <name>.debug_line</name>
         <load_address>0x1fce</load_address>
         <run_address>0x1fce</run_address>
         <size>0x20</size>
         <input_file_ref idref="fl-d7"/>
      </object_component>
      <object_component id="oc-1f">
         <name>.debug_line</name>
         <load_address>0x1fee</load_address>
         <run_address>0x1fee</run_address>
         <size>0x55</size>
         <input_file_ref idref="fl-d7"/>
      </object_component>
      <object_component id="oc-3d">
         <name>.debug_line</name>
         <load_address>0x2043</load_address>
         <run_address>0x2043</run_address>
         <size>0x3a</size>
         <input_file_ref idref="fl-d7"/>
      </object_component>
      <object_component id="oc-91">
         <name>.debug_line</name>
         <load_address>0x207d</load_address>
         <run_address>0x207d</run_address>
         <size>0x92</size>
         <input_file_ref idref="fl-d7"/>
      </object_component>
      <object_component id="oc-e0">
         <name>.debug_line</name>
         <load_address>0x210f</load_address>
         <run_address>0x210f</run_address>
         <size>0x20</size>
         <input_file_ref idref="fl-d8"/>
      </object_component>
      <object_component id="oc-19">
         <name>.debug_line</name>
         <load_address>0x212f</load_address>
         <run_address>0x212f</run_address>
         <size>0xa9</size>
         <input_file_ref idref="fl-d8"/>
      </object_component>
      <object_component id="oc-2d">
         <name>.debug_line</name>
         <load_address>0x21d8</load_address>
         <run_address>0x21d8</run_address>
         <size>0x3a</size>
         <input_file_ref idref="fl-d8"/>
      </object_component>
      <object_component id="oc-dd">
         <name>.debug_line</name>
         <load_address>0x2212</load_address>
         <run_address>0x2212</run_address>
[...]
         <name>bump_data0</name>
         <value>0x20000061</value>
      </symbol>
      <symbol id="sm-fd">
         <name>bump_data1</name>
         <value>0x20000062</value>
      </symbol>
      <symbol id="sm-fe">
         <name>bump_data2</name>
         <value>0x20000063</value>
      </symbol>
      <symbol id="sm-ff">
         <name>bump_data3</name>
         <value>0x20000064</value>
      </symbol>
      <symbol id="sm-100">
         <name>bump_data4</name>
         <value>0x20000065</value>
      </symbol>
      <symbol id="sm-101">
         <name>bump_data5</name>
         <value>0x20000066</value>
      </symbol>
      <symbol id="sm-102">
         <name>lux</name>
         <value>0x2000005c</value>
      </symbol>
      <symbol id="sm-103">
         <name>SysTick_Handler</name>
         <value>0x1729</value>
         <object_component_ref idref="oc-70"/>
      </symbol>
      <symbol id="sm-104">
         <name>Initialize_System</name>
         <value>0xa35</value>
         <object_component_ref idref="oc-ea"/>
      </symbol>
      <symbol id="sm-105">
         <name>tick</name>
         <value>0x20000048</value>
         <object_component_ref idref="oc-c2"/>
      </symbol>
      <symbol id="sm-106">
         <name>state</name>
         <value>0x20000050</value>
         <object_component_ref idref="oc-c2"/>
      </symbol>
      <symbol id="sm-107">
         <name>i</name>
         <value>0x2000004c</value>
         <object_component_ref idref="oc-c2"/>
      </symbol>
      <symbol id="sm-108">
         <name>main</name>
         <value>0xe5</value>
         <object_component_ref idref="oc-a8"/>
      </symbol>
      <symbol id="sm-120">
         <name>SystemInit</name>
         <value>0xfd9</value>
         <object_component_ref idref="oc-ba"/>
      </symbol>
      <symbol id="sm-136">
         <name>Bump_Read</name>
         <value>0xba5</value>
         <object_component_ref idref="oc-fc"/>
      </symbol>
      <symbol id="sm-137">
         <name>Bump_Init</name>
         <value>0x12b1</value>
         <object_component_ref idref="oc-19d"/>
      </symbol>
      <symbol id="sm-171">
         <name>button_S1_pressed</name>
         <value>0x1679</value>
         <object_component_ref idref="oc-10e"/>
      </symbol>
      <symbol id="sm-172">
         <name>PORT1_IRQHandler</name>
         <value>0x13ad</value>
         <object_component_ref idref="oc-76"/>
      </symbol>
      <symbol id="sm-173">
         <name>button_S1_pressed_flag</name>
         <value>0x20000051</value>
         <object_component_ref idref="oc-c6"/>
      </symbol>
      <symbol id="sm-174">
         <name>button_init</name>
         <value>0xec5</value>
         <object_component_ref idref="oc-1af"/>
      </symbol>
      <symbol id="sm-175">
         <name>button_S2_pressed</name>
         <value>0x1691</value>
         <object_component_ref idref="oc-108"/>
      </symbol>
      <symbol id="sm-176">
         <name>button_S2_pressed_flag</name>
         <value>0x20000052</value>
         <object_component_ref idref="oc-c6"/>
      </symbol>
      <symbol id="sm-1c3">
         <name>Clock_Delay1ms</name>
         <value>0x1575</value>
         <object_component_ref idref="oc-136"/>
      </symbol>
      <symbol id="sm-1c4">
         <name>Crystalstable</name>
         <value>0x20000014</value>
         <object_component_ref idref="oc-1f6"/>
      </symbol>
      <symbol id="sm-1c5">
         <name>Prewait</name>
         <value>0x20000004</value>
         <object_component_ref idref="oc-1f6"/>
      </symbol>
      <symbol id="sm-1c6">
         <name>IFlags</name>
         <value>0x20000010</value>
         <object_component_ref idref="oc-1f6"/>
      </symbol>
      <symbol id="sm-1c7">
         <name>ClockFrequency</name>
         <value>0x20000000</value>
         <object_component_ref idref="oc-1f6"/>
      </symbol>
      <symbol id="sm-1c8">
         <name>Postwait</name>
         <value>0x2000000c</value>
         <object_component_ref idref="oc-1f6"/>
      </symbol>
      <symbol id="sm-1c9">
         <name>delay</name>
         <value>0x1747</value>
         <object_component_ref idref="oc-1f0"/>
      </symbol>
      <symbol id="sm-1ca">
         <name>CPMwait</name>
         <value>0x20000008</value>
         <object_component_ref idref="oc-1f6"/>
      </symbol>
      <symbol id="sm-1cb">
         <name>Clock_Init48MHz</name>
         <value>0x7e1</value>
         <object_component_ref idref="oc-191"/>
      </symbol>
      <symbol id="sm-205">
         <name>left_motor_count</name>
         <value>0x20000054</value>
         <object_component_ref idref="oc-cf"/>
      </symbol>
      <symbol id="sm-206">
         <name>get_right_motor_count</name>
         <value>0x176d</value>
         <object_component_ref idref="oc-11a"/>
      </symbol>
      <symbol id="sm-207">
         <name>get_left_motor_count</name>
         <value>0x1761</value>
         <object_component_ref idref="oc-114"/>
      </symbol>
      <symbol id="sm-208">
         <name>encoder_init</name>
         <value>0xaf1</value>
         <object_component_ref idref="oc-1a9"/>
      </symbol>
      <symbol id="sm-209">
         <name>PORT5_IRQHandler</name>
         <value>0xda1</value>
         <object_component_ref idref="oc-7c"/>
      </symbol>
      <symbol id="sm-20a">
         <name>right_motor_count</name>
         <value>0x20000058</value>
         <object_component_ref idref="oc-cf"/>
      </symbol>
      <symbol id="sm-24b">
         <name>I2C_init</name>
         <value>0x15a1</value>
         <object_component_ref idref="oc-1bb"/>
      </symbol>
      <symbol id="sm-24c">
         <name>I2C_setslave</name>
         <value>0x15dd</value>
         <object_component_ref idref="oc-1d1"/>
      </symbol>
      <symbol id="sm-24d">
         <name>Init_I2C_GPIO</name>
         <value>0x1661</value>
         <object_component_ref idref="oc-1b5"/>
      </symbol>
      <symbol id="sm-24e">
         <name>I2C_read16</name>
         <value>0xe39</value>
         <object_component_ref idref="oc-1d7"/>
      </symbol>
      <symbol id="sm-24f">
         <name>I2C_write16</name>
         <value>0x1365</value>
         <object_component_ref idref="oc-23d"/>
      </symbol>
      <symbol id="sm-250">
         <name>i2cConfig</name>
         <value>0x17b0</value>
         <object_component_ref idref="oc-239"/>
      </symbol>
      <symbol id="sm-273">
         <name>OPT3001_getLux</name>
         <value>0x95d</value>
         <object_component_ref idref="oc-102"/>
      </symbol>
      <symbol id="sm-274">
         <name>OPT3001_init</name>
         <value>0x1713</value>
         <object_component_ref idref="oc-1c1"/>
      </symbol>
      <symbol id="sm-2c8">
         <name>set_left_motor_direction</name>
         <value>0x1515</value>
         <object_component_ref idref="oc-120"/>
      </symbol>
      <symbol id="sm-2c9">
         <name>set_right_motor_pwm</name>
         <value>0x1251</value>
         <object_component_ref idref="oc-f6"/>
      </symbol>
      <symbol id="sm-2ca">
         <name>motor_init</name>
         <value>0xc55</value>
         <object_component_ref idref="oc-1a3"/>
      </symbol>
      <symbol id="sm-2cb">
         <name>left_motor_pwm_config</name>
         <value>0x20000018</value>
         <object_component_ref idref="oc-1c8"/>
      </symbol>
      <symbol id="sm-2cc">
         <name>set_right_motor_direction</name>
         <value>0x1545</value>
         <object_component_ref idref="oc-126"/>
      </symbol>
      <symbol id="sm-2cd">
         <name>set_left_motor_pwm</name>
         <value>0x11f1</value>
         <object_component_ref idref="oc-f0"/>
      </symbol>
      <symbol id="sm-2ce">
         <name>right_motor_pwm_config</name>
         <value>0x20000030</value>
         <object_component_ref idref="oc-1cc"/>
      </symbol>
      <symbol id="sm-2e0">
         <name>Reflectance_Init</name>
         <value>0x130d</value>
         <object_component_ref idref="oc-197"/>
      </symbol>
      <symbol id="sm-2fc">
         <name>Reset_Handler</name>
         <value>0x1755</value>
         <object_component_ref idref="oc-64"/>
      </symbol>
      <symbol id="sm-2fd">
         <name>Default_Handler</name>
         <value>0x11ef</value>
         <object_component_ref idref="oc-6a"/>
      </symbol>
      <symbol id="sm-2fe">
         <name>interruptVectors</name>
         <value>0x0</value>
         <object_component_ref idref="oc-23"/>
      </symbol>
      <symbol id="sm-332">
         <name>GPIO_setAsPeripheralModuleFunctionOutputPin</name>
         <value>0xf51</value>
         <object_component_ref idref="oc-220"/>
      </symbol>
      <symbol id="sm-3d6">
         <name>I2C_masterSendMultiByteStop</name>
         <value>0x1475</value>
         <object_component_ref idref="oc-272"/>
      </symbol>
      <symbol id="sm-3d7">
         <name>I2C_masterSendMultiByteFinish</name>
         <value>0x1051</value>
         <object_component_ref idref="oc-2ca"/>
      </symbol>
      <symbol id="sm-3d8">
         <name>I2C_masterSendMultiByteNext</name>
         <value>0x14ad</value>
         <object_component_ref idref="oc-2c4"/>
      </symbol>
      <symbol id="sm-3d9">
         <name>I2C_masterSendMultiByteStart</name>
         <value>0x10bd</value>
         <object_component_ref idref="oc-266"/>
      </symbol>
      <symbol id="sm-3da">
         <name>I2C_masterReceiveMultiByteNext</name>
         <value>0x16eb</value>
         <object_component_ref idref="oc-27e"/>
      </symbol>
      <symbol id="sm-3db">
         <name>I2C_getInterruptStatus</name>
         <value>0x162f</value>
         <object_component_ref idref="oc-26c"/>
      </symbol>
      <symbol id="sm-3dc">
         <name>I2C_setMode</name>
         <value>0x15c1</value>
         <object_component_ref idref="oc-25a"/>
      </symbol>
      <symbol id="sm-3dd">
         <name>I2C_isBusBusy</name>
         <value>0x1649</value>
         <object_component_ref idref="oc-260"/>
      </symbol>
      <symbol id="sm-3de">
         <name>I2C_masterReceiveMultiByteFinish</name>
         <value>0x1435</value>
         <object_component_ref idref="oc-284"/>
      </symbol>
      <symbol id="sm-3df">
         <name>I2C_enableModule</name>
         <value>0x16d5</value>
         <object_component_ref idref="oc-233"/>
      </symbol>
      <symbol id="sm-3e0">
         <name>I2C_masterReceiveStart</name>
         <value>0x1615</value>
         <object_component_ref idref="oc-278"/>
      </symbol>
      <symbol id="sm-3e1">
         <name>I2C_clearInterruptFlag</name>
         <value>0x16a9</value>
         <object_component_ref idref="oc-253"/>
      </symbol>
      <symbol id="sm-3e2">
         <name>I2C_setSlaveAddress</name>
         <value>0x16ff</value>
         <object_component_ref idref="oc-24d"/>
      </symbol>
      <symbol id="sm-3e3">
         <name>I2C_initMaster</name>
         <value>0x118d</value>
         <object_component_ref idref="oc-227"/>
      </symbol>
      <symbol id="sm-3e4">
         <name>I2C_disableModule</name>
         <value>0x16bf</value>
         <object_component_ref idref="oc-22d"/>
      </symbol>
      <symbol id="sm-405">
         <name>__TI_zero_init_nomemset</name>
         <value>0x15f9</value>
         <object_component_ref idref="oc-40"/>
      </symbol>
      <symbol id="sm-41c">
         <name>__TI_decompress_none</name>
         <value>0x1739</value>
         <object_component_ref idref="oc-1a"/>
      </symbol>
      <symbol id="sm-43f">
         <name>__TI_decompress_lzss</name>
         <value>0x1125</value>
         <object_component_ref idref="oc-14"/>
      </symbol>
      <symbol id="sm-452">
         <name>__stack</name>
         <value>0x2000fe00</value>
         <object_component_ref idref="oc-26"/>
      </symbol>
      <symbol id="sm-453">
         <name>_c_int00_noargs</name>
         <value>0x14e1</value>
         <object_component_ref idref="oc-52"/>
      </symbol>
      <symbol id="sm-46f">
         <name>memcpy</name>
         <value>0xd05</value>
         <object_component_ref idref="oc-34"/>
      </symbol>
      <symbol id="sm-470">
         <name>__aeabi_memcpy</name>
         <value>0xd05</value>
         <object_component_ref idref="oc-34"/>
      </symbol>
      <symbol id="sm-471">
         <name>__aeabi_memcpy8</name>
         <value>0xd05</value>
         <object_component_ref idref="oc-34"/>
      </symbol>
      <symbol id="sm-472">
         <name>__aeabi_memcpy4</name>
         <value>0xd05</value>
         <object_component_ref idref="oc-34"/>
      </symbol>
      <symbol id="sm-49a">
         <name>__TI_auto_init_nobinit_nopinit</name>
         <value>0x13f1</value>
         <object_component_ref idref="oc-14e"/>
      </symbol>
      <symbol id="sm-4a4">
         <name>_system_pre_init</name>
         <value>0x1779</value>
         <object_component_ref idref="oc-a2"/>
      </symbol>
      <symbol id="sm-4b0">
         <name>C$$EXIT</name>
         <value>0x177d</value>
         <object_component_ref idref="oc-142"/>
      </symbol>
      <symbol id="sm-4b1">
         <name>abort</name>
         <value>0x177d</value>
         <object_component_ref idref="oc-142"/>
      </symbol>
      <symbol id="sm-4b4">
         <name>__TI_static_base__</name>
         <value>0x0</value>
      </symbol>
      <symbol id="sm-4b7">
         <name>__mpu_init</name>
         <value>0x0</value>
      </symbol>
      <symbol id="sm-4b8">
         <name>_system_post_cinit</name>
         <value>0x0</value>
      </symbol>
      <symbol id="sm-4b9">
         <name>NMI_Handler</name>
         <value>0x11ef</value>
      </symbol>
      <symbol id="sm-4ba">
         <name>HardFault_Handler</name>
         <value>0x11ef</value>
      </symbol>
      <symbol id="sm-4bb">
         <name>MemManage_Handler</name>
         <value>0x11ef</value>
      </symbol>
      <symbol id="sm-4bc">
         <name>BusFault_Handler</name>
         <value>0x11ef</value>
      </symbol>
      <symbol id="sm-4bd">
         <name>UsageFault_Handler</name>
         <value>0x11ef</value>
      </symbol>
      <symbol id="sm-4be">
         <name>SVC_Handler</name>
         <value>0x11ef</value>
      </symbol>
      <symbol id="sm-4bf">
         <name>DebugMon_Handler</name>
         <value>0x11ef</value>
      </symbol>
      <symbol id="sm-4c0">
         <name>PendSV_Handler</name>
         <value>0x11ef</value>
      </symbol>
      <symbol id="sm-4c1">
         <name>SysTick_Handler</name>
         <value>0x1729</value>
      </symbol>
      <symbol id="sm-4c2">
         <name>PSS_IRQHandler</name>
         <value>0x11ef</value>
      </symbol>
      <symbol id="sm-4c3">
         <name>CS_IRQHandler</name>
         <value>0x11ef</value>
      </symbol>
      <symbol id="sm-4c4">
         <name>PCM_IRQHandler</name>
         <value>0x11ef</value>
      </symbol>
      <symbol id="sm-4c5">
         <name>WDT_A_IRQHandler</name>
         <value>0x11ef</value>
      </symbol>
      <symbol id="sm-4c6">
         <name>FPU_IRQHandler</name>
         <value>0x11ef</value>
      </symbol>
      <symbol id="sm-4c7">
         <name>FLCTL_IRQHandler</name>
         <value>0x11ef</value>
      </symbol>
      <symbol id="sm-4c8">
         <name>COMP_E0_IRQHandler</name>
         <value>0x11ef</value>
      </symbol>
      <symbol id="sm-4c9">
         <name>COMP_E1_IRQHandler</name>
         <value>0x11ef</value>
      </symbol>
      <symbol id="sm-4ca">
         <name>TA0_0_IRQHandler</name>
         <value>0x11ef</value>
      </symbol>
      <symbol id="sm-4cb">
         <name>TA0_N_IRQHandler</name>
         <value>0x11ef</value>
      </symbol>
      <symbol id="sm-4cc">
         <name>TA1_0_IRQHandler</name>
         <value>0x11ef</value>
      </symbol>
      <symbol id="sm-4cd">
         <name>TA1_N_IRQHandler</name>
         <value>0x11ef</value>
      </symbol>
      <symbol id="sm-4ce">
         <name>TA2_0_IRQHandler</name>
         <value>0x11ef</value>
      </symbol>
      <symbol id="sm-4cf">
         <name>TA2_N_IRQHandler</name>
         <value>0x11ef</value>
      </symbol>
      <symbol id="sm-4d0">
         <name>TA3_0_IRQHandler</name>
         <value>0x11ef</value>
      </symbol>
      <symbol id="sm-4d1">
         <name>TA3_N_IRQHandler</name>
         <value>0x11ef</value>
      </symbol>
      <symbol id="sm-4d2">
         <name>EUSCIA0_IRQHandler</name>
         <value>0x11ef</value>
      </symbol>
      <symbol id="sm-4d3">
         <name>EUSCIA1_IRQHandler</name>
         <value>0x11ef</value>
      </symbol>
      <symbol id="sm-4d4">
         <name>EUSCIA2_IRQHandler</name>
         <value>0x11ef</value>
      </symbol>
      <symbol id="sm-4d5">
         <name>EUSCIA3_IRQHandler</name>
         <value>0x11ef</value>
      </symbol>
      <symbol id="sm-4d6">
         <name>EUSCIB0_IRQHandler</name>
         <value>0x11ef</value>
      </symbol>
      <symbol id="sm-4d7">
         <name>EUSCIB1_IRQHandler</name>
         <value>0x11ef</value>
      </symbol>
      <symbol id="sm-4d8">
         <name>EUSCIB2_IRQHandler</name>
         <value>0x11ef</value>
      </symbol>
      <symbol id="sm-4d9">
         <name>EUSCIB3_IRQHandler</name>
         <value>0x11ef</value>
      </symbol>
      <symbol id="sm-4da">
         <name>ADC14_IRQHandler</name>
         <value>0x11ef</value>
      </symbol>
      <symbol id="sm-4db">
         <name>T32_INT1_IRQHandler</name>
         <value>0x11ef</value>
      </symbol>
      <symbol id="sm-4dc">
         <name>T32_INT2_IRQHandler</name>
         <value>0x11ef</value>
      </symbol>
      <symbol id="sm-4dd">
         <name>T32_INTC_IRQHandler</name>
         <value>0x11ef</value>
      </symbol>
      <symbol id="sm-4de">
         <name>AES256_IRQHandler</name>
         <value>0x11ef</value>
      </symbol>
      <symbol id="sm-4df">
         <name>RTC_C_IRQHandler</name>
         <value>0x11ef</value>
      </symbol>
      <symbol id="sm-4e0">
         <name>DMA_ERR_IRQHandler</name>
         <value>0x11ef</value>
      </symbol>
      <symbol id="sm-4e1">
         <name>DMA_INT3_IRQHandler</name>
         <value>0x11ef</value>
      </symbol>
      <symbol id="sm-4e2">
         <name>DMA_INT2_IRQHandler</name>
         <value>0x11ef</value>
      </symbol>
      <symbol id="sm-4e3">
         <name>DMA_INT1_IRQHandler</name>
         <value>0x11ef</value>
      </symbol>
      <symbol id="sm-4e4">
         <name>DMA_INT0_IRQHandler</name>
         <value>0x11ef</value>
      </symbol>
      <symbol id="sm-4e5">
         <name>PORT1_IRQHandler</name>
         <value>0x13ad</value>
      </symbol>
      <symbol id="sm-4e6">
         <name>PORT2_IRQHandler</name>
         <value>0x11ef</value>
      </symbol>
      <symbol id="sm-4e7">
         <name>PORT3_IRQHandler</name>
         <value>0x11ef</value>
      </symbol>
      <symbol id="sm-4e8">
         <name>PORT4_IRQHandler</name>
         <value>0x11ef</value>
      </symbol>
      <symbol id="sm-4e9">
         <name>PORT5_IRQHandler</name>
         <value>0xda1</value>
      </symbol>
      <symbol id="sm-4ea">
         <name>PORT6_IRQHandler</name>
         <value>0x11ef</value>
      </symbol>
   </symbol_table>
   <title>Link successful</title>
</link_info>
