******************************************************************************
                  TI ARM Linker PC v18.12.2                    
******************************************************************************
>> Linked Wed Nov 13 17:34:36 2019

OUTPUT FILE NAME:   <starscream lab 7.out>
ENTRY POINT SYMBOL: "_c_int00_noargs"  address: 000014e1


MEMORY CONFIGURATION

         name            origin    length      used     unused   attr    fill
----------------------  --------  ---------  --------  --------  ----  --------
  MAIN                  00000000   00040000  0000180c  0003e7f4  R  X
  INFO                  00200000   00004000  00000000  00004000  R  X
  SRAM_CODE             01000000   00010000  00000267  0000fd99  RW X
  SRAM_DATA             20000000   00010000  00000267  0000fd99  RW  


SEGMENT ALLOCATION MAP

run origin  load origin   length   init length attrs members
----------  ----------- ---------- ----------- ----- -------
00000000    00000000    00001810   00001810    r-x
  00000000    00000000    000000e4   000000e4    r-- .intvecs
  000000e4    000000e4    0000169c   0000169c    r-x .text
  00001780    00001780    00000044   00000044    r-- .const
  000017c8    000017c8    00000048   00000048    r-- .cinit
20000000    20000000    00000067   00000000    rw-
  20000000    20000000    0000005c   00000000    rw- .data
  2000005c    2000005c    0000000b   00000000    rw- .bss
2000fe00    2000fe00    00000200   00000000    rw-
  2000fe00    2000fe00    00000200   00000000    rw- .stack


SECTION ALLOCATION MAP

 output                                  attributes/
section   page    origin      length       input sections
--------  ----  ----------  ----------   ----------------
.intvecs   0    00000000    000000e4     
                  00000000    000000e4     startup_msp432p401r_ccs.obj (.intvecs:retain)

.text      0    000000e4    0000169c     
                  000000e4    000006fc     main.obj (.text:main)
                  000007e0    0000017c     Clock.obj (.text:Clock_Init48MHz)
                  0000095c    000000d8     HAL_OPT3001.obj (.text:OPT3001_getLux)
                  00000a34    000000bc     main.obj (.text:Initialize_System)
                  00000af0    000000b4     Encoder.obj (.text:encoder_init)
                  00000ba4    000000b0     Bump.obj (.text:Bump_Read)
                  00000c54    000000b0     Motor.obj (.text:motor_init)
                  00000d04    0000009c     rtsv7M4_T_le_v4SPD16_eabi.lib : memcpy_t2.asm.obj (.text)
                  00000da0    00000098     Encoder.obj (.text:PORT5_IRQHandler)
                  00000e38    0000008c     HAL_I2C.obj (.text:I2C_read16)
                  00000ec4    0000008c     Button.obj (.text:button_init)
                  00000f50    00000088     msp432p4xx_driverlib.lib : gpio.o (.text:GPIO_setAsPeripheralModuleFunctionOutputPin)
                  00000fd8    00000078     system_msp432p401r.obj (.text:SystemInit)
                  00001050    0000006c     msp432p4xx_driverlib.lib : i2c.o (.text:I2C_masterSendMultiByteFinish)
                  000010bc    00000068                              : i2c.o (.text:I2C_masterSendMultiByteStart)
                  00001124    00000068     rtsv7M4_T_le_v4SPD16_eabi.lib : copy_decompress_lzss.c.obj (.text:decompress:lzss:__TI_decompress_lzss)
                  0000118c    00000062     msp432p4xx_driverlib.lib : i2c.o (.text:I2C_initMaster)
                  000011ee    00000002     startup_msp432p401r_ccs.obj (.text:Default_Handler)
                  000011f0    00000060     Motor.obj (.text:set_left_motor_pwm)
                  00001250    00000060     Motor.obj (.text:set_right_motor_pwm)
                  000012b0    0000005c     Bump.obj (.text:Bump_Init)
                  0000130c    00000058     Reflectance.obj (.text:Reflectance_Init)
                  00001364    00000048     HAL_I2C.obj (.text:I2C_write16)
                  000013ac    00000044     Button.obj (.text:PORT1_IRQHandler)
                  000013f0    00000044     rtsv7M4_T_le_v4SPD16_eabi.lib : autoinit.c.obj (.text:__TI_auto_init_nobinit_nopinit:__TI_auto_init_nobinit_nopinit)
                  00001434    00000040     msp432p4xx_driverlib.lib : i2c.o (.text:I2C_masterReceiveMultiByteFinish)
                  00001474    00000038                              : i2c.o (.text:I2C_masterSendMultiByteStop)
                  000014ac    00000034                              : i2c.o (.text:I2C_masterSendMultiByteNext)
                  000014e0    00000034     rtsv7M4_T_le_v4SPD16_eabi.lib : boot_cortex_m.c.obj (.text:_c_int00_noargs:_c_int00_noargs)
                  00001514    00000030     Motor.obj (.text:set_left_motor_direction)
                  00001544    00000030     Motor.obj (.text:set_right_motor_direction)
                  00001574    0000002c     Clock.obj (.text:Clock_Delay1ms)
                  000015a0    00000020     HAL_I2C.obj (.text:I2C_init)
                  000015c0    0000001c     msp432p4xx_driverlib.lib : i2c.o (.text:I2C_setMode)
                  000015dc    0000001c     HAL_I2C.obj (.text:I2C_setslave)
                  000015f8    0000001c     rtsv7M4_T_le_v4SPD16_eabi.lib : copy_zero_init.c.obj (.text:decompress:ZI:__TI_zero_init_nomemset:__TI_zero_init_nomemset)
                  00001614    0000001a     msp432p4xx_driverlib.lib : i2c.o (.text:I2C_masterReceiveStart)
                  0000162e    00000018                              : i2c.o (.text:I2C_getInterruptStatus)
                  00001646    00000002     --HOLE-- [fill = 0]
                  00001648    00000018                              : i2c.o (.text:I2C_isBusBusy)
                  00001660    00000018     HAL_I2C.obj (.text:Init_I2C_GPIO)
                  00001678    00000018     Button.obj (.text:button_S1_pressed)
                  00001690    00000018     Button.obj (.text:button_S2_pressed)
                  000016a8    00000016     msp432p4xx_driverlib.lib : i2c.o (.text:I2C_clearInterruptFlag)
                  000016be    00000016                              : i2c.o (.text:I2C_disableModule)
                  000016d4    00000016                              : i2c.o (.text:I2C_enableModule)
                  000016ea    00000014                              : i2c.o (.text:I2C_masterReceiveMultiByteNext)
                  000016fe    00000014                              : i2c.o (.text:I2C_setSlaveAddress)
                  00001712    00000014     HAL_OPT3001.obj (.text:OPT3001_init)
                  00001726    00000002     --HOLE-- [fill = 0]
                  00001728    00000010     main.obj (.text:SysTick_Handler)
                  00001738    0000000e     rtsv7M4_T_le_v4SPD16_eabi.lib : copy_decompress_none.c.obj (.text:decompress:none:__TI_decompress_none)
                  00001746    0000000e     Clock.obj (.text:delay)
                  00001754    0000000c     startup_msp432p401r_ccs.obj (.text:Reset_Handler)
                  00001760    0000000c     Encoder.obj (.text:get_left_motor_count)
                  0000176c    0000000c     Encoder.obj (.text:get_right_motor_count)
                  00001778    00000004     rtsv7M4_T_le_v4SPD16_eabi.lib : pre_init.c.obj (.text:_system_pre_init)
                  0000177c    00000004                                   : exit.c.obj (.text:abort:abort)

.const     0    00001780    00000044     
                  00001780    00000030     msp432p4xx_driverlib.lib : gpio.o (.const:GPIO_PORT_TO_BASE)
                  000017b0    00000014     HAL_I2C.obj (.const:i2cConfig)

.cinit     0    000017c8    00000048     
                  000017c8    00000024     (.cinit..data.load) [load image, compression = lzss]
                  000017ec    0000000c     (__TI_handler_table)
                  000017f8    00000008     (.cinit..bss.load) [load image, compression = zero_init]
                  00001800    00000010     (__TI_cinit_table)

.init_array 
*          0    00000000    00000000     UNINITIALIZED

.binit     0    00000000    00000000     

.data      0    20000000    0000005c     UNINITIALIZED
                  20000000    00000018     Clock.obj (.data)
                  20000018    00000018     Motor.obj (.data:left_motor_pwm_config)
                  20000030    00000018     Motor.obj (.data:right_motor_pwm_config)
                  20000048    00000009     main.obj (.data)
                  20000051    00000002     Button.obj (.data)
                  20000053    00000001     --HOLE--
                  20000054    00000008     Encoder.obj (.data)

.bss       0    2000005c    0000000b     UNINITIALIZED
                  2000005c    00000004     (.common:lux)
                  20000060    00000001     (.common:bump_data)
                  20000061    00000001     (.common:bump_data0)
                  20000062    00000001     (.common:bump_data1)
                  20000063    00000001     (.common:bump_data2)
                  20000064    00000001     (.common:bump_data3)
                  20000065    00000001     (.common:bump_data4)
                  20000066    00000001     (.common:bump_data5)

.stack     0    2000fe00    00000200     UNINITIALIZED
                  2000fe00    00000004     rtsv7M4_T_le_v4SPD16_eabi.lib : boot_cortex_m.c.obj (.stack)
                  2000fe04    000001fc     --HOLE--

MODULE SUMMARY

       Module                        code   ro data   rw data
       ------                        ----   -------   -------
    .\
       main.obj                      1992   0         40     
       system_msp432p401r.obj        120    0         0      
    +--+-----------------------------+------+---------+---------+
       Total:                        2112   0         40     
                                                             
    .\Library\
       Motor.obj                     464    0         96     
       Clock.obj                     438    0         48     
       Encoder.obj                   356    0         16     
       HAL_I2C.obj                   296    20        0      
       Bump.obj                      268    0         0      
       Button.obj                    256    0         4      
       HAL_OPT3001.obj               236    0         0      
       Reflectance.obj               88     0         0      
    +--+-----------------------------+------+---------+---------+
       Total:                        2402   20        164    
                                                             
    .\ccs\
       startup_msp432p401r_ccs.obj   14     228       0      
    +--+-----------------------------+------+---------+---------+
       Total:                        14     228       0      
                                                             
    C:/ti/simplelink_msp432p4_sdk_3_20_00_06/source/ti/devices/msp432p4xx/driverlib/ccs/msp432p4xx_driverlib.lib
       i2c.o                         690    0         0      
       gpio.o                        136    48        0      
    +--+-----------------------------+------+---------+---------+
       Total:                        826    48        0      
                                                             
    D:\ti\ccs910\ccs\tools\compiler\ti-cgt-arm_18.12.2.LTS\lib\rtsv7M4_T_le_v4SPD16_eabi.lib
       memcpy_t2.asm.obj             156    0         0      
       copy_decompress_lzss.c.obj    104    0         0      
       autoinit.c.obj                68     0         0      
       boot_cortex_m.c.obj           52     0         0      
       copy_zero_init.c.obj          28     0         0      
       copy_decompress_none.c.obj    14     0         0      
       exit.c.obj                    4      0         0      
       pre_init.c.obj                4      0         0      
    +--+-----------------------------+------+---------+---------+
       Total:                        430    0         0      
                                                             
       Stack:                        0      0         1024   
       Linker Generated:             0      72        0      
    +--+-----------------------------+------+---------+---------+
       Grand Total:                  5784   368       1228   


LINKER GENERATED COPY TABLES

__TI_cinit_table @ 00001800 records: 2, size/record: 8, table size: 16
	.data: load addr=000017c8, load size=00000024 bytes, run addr=20000000, run size=0000005c bytes, compression=lzss
	.bss: load addr=000017f8, load size=00000008 bytes, run addr=2000005c, run size=0000000b bytes, compression=zero_init


LINKER GENERATED HANDLER TABLE

__TI_handler_table @ 000017ec records: 3, size/record: 4, table size: 12
	index: 0, handler: __TI_decompress_lzss
	index: 1, handler: __TI_decompress_none
	index: 2, handler: __TI_zero_init


GLOBAL SYMBOLS: SORTED ALPHABETICALLY BY Name 

address   name                                       
-------   ----                                       
000011ef  ADC14_IRQHandler                           
000011ef  AES256_IRQHandler                          
000012b1  Bump_Init                                  
00000ba5  Bump_Read                                  
000011ef  BusFault_Handler                           
0000177d  C$$EXIT                                    
000011ef  COMP_E0_IRQHandler                         
000011ef  COMP_E1_IRQHandler                         
20000008  CPMwait                                    
000011ef  CS_IRQHandler                              
20000000  ClockFrequency                             
00001575  Clock_Delay1ms                             
000007e1  Clock_Init48MHz                            
20000014  Crystalstable                              
000011ef  DMA_ERR_IRQHandler                         
000011ef  DMA_INT0_IRQHandler                        
000011ef  DMA_INT1_IRQHandler                        
000011ef  DMA_INT2_IRQHandler                        
000011ef  DMA_INT3_IRQHandler                        
000011ef  DebugMon_Handler                           
000011ef  Default_Handler                            
000011ef  EUSCIA0_IRQHandler                         
000011ef  EUSCIA1_IRQHandler                         
000011ef  EUSCIA2_IRQHandler                         
000011ef  EUSCIA3_IRQHandler                         
000011ef  EUSCIB0_IRQHandler                         
000011ef  EUSCIB1_IRQHandler                         
000011ef  EUSCIB2_IRQHandler                         
000011ef  EUSCIB3_IRQHandler                         
000011ef  FLCTL_IRQHandler                           
000011ef  FPU_IRQHandler                             
00000f51  GPIO_setAsPeripheralModuleFunctionOutputPin
000011ef  HardFault_Handler                          
000016a9  I2C_clearInterruptFlag                     
000016bf  I2C_disableModule                          
000016d5  I2C_enableModule                           
0000162f  I2C_getInterruptStatus                     
000015a1  I2C_init                                   
0000118d  I2C_initMaster                             
00001649  I2C_isBusBusy                              
00001435  I2C_masterReceiveMultiByteFinish           
000016eb  I2C_masterReceiveMultiByteNext             
00001615  I2C_masterReceiveStart                     
00001051  I2C_masterSendMultiByteFinish              
000014ad  I2C_masterSendMultiByteNext                
000010bd  I2C_masterSendMultiByteStart               
00001475  I2C_masterSendMultiByteStop                
00000e39  I2C_read16                                 
000015c1  I2C_setMode                                
000016ff  I2C_setSlaveAddress                        
000015dd  I2C_setslave                               
00001365  I2C_write16                                
20000010  IFlags                                     
00001661  Init_I2C_GPIO                              
00000a35  Initialize_System                          
000011ef  MemManage_Handler                          
000011ef  NMI_Handler                                
0000095d  OPT3001_getLux                             
00001713  OPT3001_init                               
000011ef  PCM_IRQHandler                             
000013ad  PORT1_IRQHandler                           
000013ad  PORT1_IRQHandler                           
000011ef  PORT2_IRQHandler                           
000011ef  PORT3_IRQHandler                           
000011ef  PORT4_IRQHandler                           
00000da1  PORT5_IRQHandler                           
00000da1  PORT5_IRQHandler                           
000011ef  PORT6_IRQHandler                           
000011ef  PSS_IRQHandler                             
000011ef  PendSV_Handler                             
2000000c  Postwait                                   
20000004  Prewait                                    
000011ef  RTC_C_IRQHandler                           
0000130d  Reflectance_Init                           
00001755  Reset_Handler                              
000011ef  SVC_Handler                                
00001729  SysTick_Handler                            
00001729  SysTick_Handler                            
00000fd9  SystemInit                                 
000011ef  T32_INT1_IRQHandler                        
000011ef  T32_INT2_IRQHandler                        
000011ef  T32_INTC_IRQHandler                        
000011ef  TA0_0_IRQHandler                           
000011ef  TA0_N_IRQHandler                           
000011ef  TA1_0_IRQHandler                           
000011ef  TA1_N_IRQHandler                           
000011ef  TA2_0_IRQHandler                           
000011ef  TA2_N_IRQHandler                           
000011ef  TA3_0_IRQHandler                           
000011ef  TA3_N_IRQHandler                           
000011ef  UsageFault_Handler                         
4000480c  WDTCTL_SYM                                 
000011ef  WDT_A_IRQHandler                           
20010000  __STACK_END                                
00000200  __STACK_SIZE                               
00001800  __TI_CINIT_Base                            
00001810  __TI_CINIT_Limit                           
000017ec  __TI_Handler_Table_Base                    
000017f8  __TI_Handler_Table_Limit                   
000013f1  __TI_auto_init_nobinit_nopinit             
00001125  __TI_decompress_lzss                       
00001739  __TI_decompress_none                       
ffffffff  __TI_pprof_out_hndl                        
ffffffff  __TI_prof_data_size                        
ffffffff  __TI_prof_data_start                       
00000000  __TI_static_base__                         
000015f9  __TI_zero_init_nomemset                    
00000d05  __aeabi_memcpy                             
00000d05  __aeabi_memcpy4                            
00000d05  __aeabi_memcpy8                            
ffffffff  __binit__                                  
ffffffff  __c_args__                                 
UNDEFED   __mpu_init                                 
2000fe00  __stack                                    
000014e1  _c_int00_noargs                            
UNDEFED   _system_post_cinit                         
00001779  _system_pre_init                           
0000177d  abort                                      
ffffffff  binit                                      
20000060  bump_data                                  
20000061  bump_data0                                 
20000062  bump_data1                                 
20000063  bump_data2                                 
20000064  bump_data3                                 
20000065  bump_data4                                 
20000066  bump_data5                                 
00001679  button_S1_pressed                          
20000051  button_S1_pressed_flag                     
00001691  button_S2_pressed                          
20000052  button_S2_pressed_flag                     
00000ec5  button_init                                
00001747  delay                                      
00000af1  encoder_init                               
00001761  get_left_motor_count                       
0000176d  get_right_motor_count                      
2000004c  i                                          
000017b0  i2cConfig                                  
00000000  interruptVectors                           
20000054  left_motor_count                           
20000018  left_motor_pwm_config                      
2000005c  lux                                        
000000e5  main                                       
00000d05  memcpy                                     
00000c55  motor_init                                 
20000058  right_motor_count                          
20000030  right_motor_pwm_config                     
00001515  set_left_motor_direction                   
000011f1  set_left_motor_pwm                         
00001545  set_right_motor_direction                  
00001251  set_right_motor_pwm                        
20000050  state                                      
20000048  tick                                       


GLOBAL SYMBOLS: SORTED BY Symbol Address 

address   name                                       
-------   ----                                       
00000000  __TI_static_base__                         
00000000  interruptVectors                           
000000e5  main                                       
00000200  __STACK_SIZE                               
000007e1  Clock_Init48MHz                            
0000095d  OPT3001_getLux                             
00000a35  Initialize_System                          
00000af1  encoder_init                               
00000ba5  Bump_Read                                  
00000c55  motor_init                                 
00000d05  __aeabi_memcpy                             
00000d05  __aeabi_memcpy4                            
00000d05  __aeabi_memcpy8                            
00000d05  memcpy                                     
00000da1  PORT5_IRQHandler                           
00000da1  PORT5_IRQHandler                           
00000e39  I2C_read16                                 
00000ec5  button_init                                
00000f51  GPIO_setAsPeripheralModuleFunctionOutputPin
00000fd9  SystemInit                                 
00001051  I2C_masterSendMultiByteFinish              
000010bd  I2C_masterSendMultiByteStart               
00001125  __TI_decompress_lzss                       
0000118d  I2C_initMaster                             
000011ef  ADC14_IRQHandler                           
000011ef  AES256_IRQHandler                          
000011ef  BusFault_Handler                           
000011ef  COMP_E0_IRQHandler                         
000011ef  COMP_E1_IRQHandler                         
000011ef  CS_IRQHandler                              
000011ef  DMA_ERR_IRQHandler                         
000011ef  DMA_INT0_IRQHandler                        
000011ef  DMA_INT1_IRQHandler                        
000011ef  DMA_INT2_IRQHandler                        
000011ef  DMA_INT3_IRQHandler                        
000011ef  DebugMon_Handler                           
000011ef  Default_Handler                            
000011ef  EUSCIA0_IRQHandler                         
000011ef  EUSCIA1_IRQHandler                         
000011ef  EUSCIA2_IRQHandler                         
000011ef  EUSCIA3_IRQHandler                         
000011ef  EUSCIB0_IRQHandler                         
000011ef  EUSCIB1_IRQHandler                         
000011ef  EUSCIB2_IRQHandler                         
000011ef  EUSCIB3_IRQHandler                         
000011ef  FLCTL_IRQHandler                           
000011ef  FPU_IRQHandler                             
000011ef  HardFault_Handler                          
000011ef  MemManage_Handler                          
000011ef  NMI_Handler                                
000011ef  PCM_IRQHandler                             
000011ef  PORT2_IRQHandler                           
000011ef  PORT3_IRQHandler                           
000011ef  PORT4_IRQHandler                           
000011ef  PORT6_IRQHandler                           
000011ef  PSS_IRQHandler                             
000011ef  PendSV_Handler                             
000011ef  RTC_C_IRQHandler                           
000011ef  SVC_Handler                                
000011ef  T32_INT1_IRQHandler                        
000011ef  T32_INT2_IRQHandler                        
000011ef  T32_INTC_IRQHandler                        
000011ef  TA0_0_IRQHandler                           
000011ef  TA0_N_IRQHandler                           
000011ef  TA1_0_IRQHandler                           
000011ef  TA1_N_IRQHandler                           
000011ef  TA2_0_IRQHandler                           
000011ef  TA2_N_IRQHandler                           
000011ef  TA3_0_IRQHandler                           
000011ef  TA3_N_IRQHandler                           
000011ef  UsageFault_Handler                         
000011ef  WDT_A_IRQHandler                           
000011f1  set_left_motor_pwm                         
00001251  set_right_motor_pwm                        
000012b1  Bump_Init                                  
0000130d  Reflectance_Init                           
00001365  I2C_write16                                
000013ad  PORT1_IRQHandler                           
000013ad  PORT1_IRQHandler                           
000013f1  __TI_auto_init_nobinit_nopinit             
00001435  I2C_masterReceiveMultiByteFinish           
00001475  I2C_masterSendMultiByteStop                
000014ad  I2C_masterSendMultiByteNext                
000014e1  _c_int00_noargs                            
00001515  set_left_motor_direction                   
00001545  set_right_motor_direction                  
00001575  Clock_Delay1ms                             
000015a1  I2C_init                                   
000015c1  I2C_setMode                                
000015dd  I2C_setslave                               
000015f9  __TI_zero_init_nomemset                    
00001615  I2C_masterReceiveStart                     
0000162f  I2C_getInterruptStatus                     
00001649  I2C_isBusBusy                              
00001661  Init_I2C_GPIO                              
00001679  button_S1_pressed                          
00001691  button_S2_pressed                          
000016a9  I2C_clearInterruptFlag                     
000016bf  I2C_disableModule                          
000016d5  I2C_enableModule                           
000016eb  I2C_masterReceiveMultiByteNext             
000016ff  I2C_setSlaveAddress                        
00001713  OPT3001_init                               
00001729  SysTick_Handler                            
00001729  SysTick_Handler                            
00001739  __TI_decompress_none                       
00001747  delay                                      
00001755  Reset_Handler                              
00001761  get_left_motor_count                       
0000176d  get_right_motor_count                      
00001779  _system_pre_init                           
0000177d  C$$EXIT                                    
0000177d  abort                                      
000017b0  i2cConfig                                  
000017ec  __TI_Handler_Table_Base                    
000017f8  __TI_Handler_Table_Limit                   
00001800  __TI_CINIT_Base                            
00001810  __TI_CINIT_Limit                           
20000000  ClockFrequency                             
20000004  Prewait                                    
20000008  CPMwait                                    
2000000c  Postwait                                   
20000010  IFlags                                     
20000014  Crystalstable                              
20000018  left_motor_pwm_config                      
20000030  right_motor_pwm_config                     
20000048  tick                                       
2000004c  i                                          
20000050  state                                      
20000051  button_S1_pressed_flag                     
20000052  button_S2_pressed_flag                     
20000054  left_motor_count                           
20000058  right_motor_count                          
2000005c  lux                                        
20000060  bump_data                                  
20000061  bump_data0                                 
20000062  bump_data1                                 
20000063  bump_data2                                 
20000064  bump_data3                                 
20000065  bump_data4                                 
20000066  bump_data5                                 
2000fe00  __stack                                    
20010000  __STACK_END                                
4000480c  WDTCTL_SYM                                 
ffffffff  __TI_pprof_out_hndl                        
ffffffff  __TI_prof_data_size                        
ffffffff  __TI_prof_data_start                       
ffffffff  __binit__                                  
ffffffff  __c_args__                                 
ffffffff  binit                                      
UNDEFED   __mpu_init                                 
UNDEFED   _system_post_cinit                         

[152 symbols]
